Archive member included to satisfy reference by file (symbol)

d:/truestudio for stm32 9.3.0/armtools/bin/../lib/gcc/arm-atollic-eabi/6.3.1/../../../../arm-atollic-eabi/lib/armv7e-m/fpu\libc_nano.a(lib_a-errno.o)
                              Src\syscalls.o (__errno)
d:/truestudio for stm32 9.3.0/armtools/bin/../lib/gcc/arm-atollic-eabi/6.3.1/../../../../arm-atollic-eabi/lib/armv7e-m/fpu\libc_nano.a(lib_a-impure.o)
                              d:/truestudio for stm32 9.3.0/armtools/bin/../lib/gcc/arm-atollic-eabi/6.3.1/../../../../arm-atollic-eabi/lib/armv7e-m/fpu\libc_nano.a(lib_a-errno.o) (_impure_ptr)
d:/truestudio for stm32 9.3.0/armtools/bin/../lib/gcc/arm-atollic-eabi/6.3.1/../../../../arm-atollic-eabi/lib/armv7e-m/fpu\libc_nano.a(lib_a-init.o)
                              startup\startup_stm32f469xx.o (__libc_init_array)
d:/truestudio for stm32 9.3.0/armtools/bin/../lib/gcc/arm-atollic-eabi/6.3.1/../../../../arm-atollic-eabi/lib/armv7e-m/fpu\libc_nano.a(lib_a-memcpy-stub.o)
                              Middlewares\Third_Party\FreeRTOS\Source\queue.o (memcpy)
d:/truestudio for stm32 9.3.0/armtools/bin/../lib/gcc/arm-atollic-eabi/6.3.1/../../../../arm-atollic-eabi/lib/armv7e-m/fpu\libc_nano.a(lib_a-memset.o)
                              Middlewares\Third_Party\FreeRTOS\Source\stream_buffer.o (memset)
d:/truestudio for stm32 9.3.0/armtools/bin/../lib/gcc/arm-atollic-eabi/6.3.1/armv7e-m/fpu\libgcc.a(_aeabi_uldivmod.o)
                              Drivers\STM32F4xx_HAL_Driver\Src\stm32f4xx_hal_rcc.o (__aeabi_uldivmod)
d:/truestudio for stm32 9.3.0/armtools/bin/../lib/gcc/arm-atollic-eabi/6.3.1/armv7e-m/fpu\libgcc.a(_udivmoddi4.o)
                              d:/truestudio for stm32 9.3.0/armtools/bin/../lib/gcc/arm-atollic-eabi/6.3.1/armv7e-m/fpu\libgcc.a(_aeabi_uldivmod.o) (__udivmoddi4)
d:/truestudio for stm32 9.3.0/armtools/bin/../lib/gcc/arm-atollic-eabi/6.3.1/armv7e-m/fpu\libgcc.a(_dvmd_tls.o)
                              d:/truestudio for stm32 9.3.0/armtools/bin/../lib/gcc/arm-atollic-eabi/6.3.1/armv7e-m/fpu\libgcc.a(_aeabi_uldivmod.o) (__aeabi_ldiv0)

Allocating common symbols
Common symbol       size              file

hdma_sdio_rx        0x60              Src\main.o
retSD               0x1               Src\fatfs.o
defaultTaskHandle   0x4               Src\main.o
JumpAddress         0x4               Src\fatfs.o
uwTick              0x4               Drivers\STM32F4xx_HAL_Driver\Src\stm32f4xx_hal.o
xQueueRegistry      0x40              Middlewares\Third_Party\FreeRTOS\Source\queue.o
pFlash              0x20              Drivers\STM32F4xx_HAL_Driver\Src\stm32f4xx_hal_flash.o
Jump_To_Application
                    0x4               Src\fatfs.o
OB_RDP_LEVEL        0x4               Src\flash_if.o
SDPath              0x4               Src\fatfs.o
hdma_sdio_tx        0x60              Src\main.o
htim6               0x40              Src\stm32f4xx_hal_timebase_tim.o
hsd                 0x84              Src\main.o
SDFile              0x1030            Src\fatfs.o
SDFatFS             0x1038            Src\fatfs.o

Discarded input sections

 .text          0x00000000        0x0 d:/truestudio for stm32 9.3.0/armtools/bin/../lib/gcc/arm-atollic-eabi/6.3.1/armv7e-m/fpu/crti.o
 .data          0x00000000        0x0 d:/truestudio for stm32 9.3.0/armtools/bin/../lib/gcc/arm-atollic-eabi/6.3.1/armv7e-m/fpu/crti.o
 .bss           0x00000000        0x0 d:/truestudio for stm32 9.3.0/armtools/bin/../lib/gcc/arm-atollic-eabi/6.3.1/armv7e-m/fpu/crti.o
 .data          0x00000000        0x4 d:/truestudio for stm32 9.3.0/armtools/bin/../lib/gcc/arm-atollic-eabi/6.3.1/armv7e-m/fpu/crtbegin.o
 .text          0x00000000        0x0 Drivers\STM32F4xx_HAL_Driver\Src\stm32f4xx_hal.o
 .data          0x00000000        0x0 Drivers\STM32F4xx_HAL_Driver\Src\stm32f4xx_hal.o
 .bss           0x00000000        0x0 Drivers\STM32F4xx_HAL_Driver\Src\stm32f4xx_hal.o
 .text.HAL_MspInit
                0x00000000        0x2 Drivers\STM32F4xx_HAL_Driver\Src\stm32f4xx_hal.o
 .text.HAL_MspDeInit
                0x00000000        0x2 Drivers\STM32F4xx_HAL_Driver\Src\stm32f4xx_hal.o
 .text.HAL_DeInit
                0x00000000       0x2c Drivers\STM32F4xx_HAL_Driver\Src\stm32f4xx_hal.o
 .text.HAL_InitTick
                0x00000000       0x48 Drivers\STM32F4xx_HAL_Driver\Src\stm32f4xx_hal.o
 .text.HAL_GetTickPrio
                0x00000000        0xc Drivers\STM32F4xx_HAL_Driver\Src\stm32f4xx_hal.o
 .text.HAL_SetTickFreq
                0x00000000       0x24 Drivers\STM32F4xx_HAL_Driver\Src\stm32f4xx_hal.o
 .text.HAL_GetTickFreq
                0x00000000        0xc Drivers\STM32F4xx_HAL_Driver\Src\stm32f4xx_hal.o
 .text.HAL_SuspendTick
                0x00000000       0x10 Drivers\STM32F4xx_HAL_Driver\Src\stm32f4xx_hal.o
 .text.HAL_ResumeTick
                0x00000000       0x10 Drivers\STM32F4xx_HAL_Driver\Src\stm32f4xx_hal.o
 .text.HAL_GetHalVersion
                0x00000000        0x8 Drivers\STM32F4xx_HAL_Driver\Src\stm32f4xx_hal.o
[...]
Memory Configuration

Name             Origin             Length             Attributes
RAM              0x20000000         0x00050000         xrw
CCMRAM           0x10000000         0x00010000         rw
FLASH            0x08000000         0x00200000         xr
*default*        0x00000000         0xffffffff

Linker script and memory map

LOAD d:/truestudio for stm32 9.3.0/armtools/bin/../lib/gcc/arm-atollic-eabi/6.3.1/armv7e-m/fpu/crti.o
LOAD d:/truestudio for stm32 9.3.0/armtools/bin/../lib/gcc/arm-atollic-eabi/6.3.1/armv7e-m/fpu/crtbegin.o
LOAD Drivers\STM32F4xx_HAL_Driver\Src\stm32f4xx_hal.o
LOAD Drivers\STM32F4xx_HAL_Driver\Src\stm32f4xx_hal_cortex.o
LOAD Drivers\STM32F4xx_HAL_Driver\Src\stm32f4xx_hal_dma.o
LOAD Drivers\STM32F4xx_HAL_Driver\Src\stm32f4xx_hal_dma_ex.o
LOAD Drivers\STM32F4xx_HAL_Driver\Src\stm32f4xx_hal_exti.o
LOAD Drivers\STM32F4xx_HAL_Driver\Src\stm32f4xx_hal_flash.o
LOAD Drivers\STM32F4xx_HAL_Driver\Src\stm32f4xx_hal_flash_ex.o
LOAD Drivers\STM32F4xx_HAL_Driver\Src\stm32f4xx_hal_flash_ramfunc.o
LOAD Drivers\STM32F4xx_HAL_Driver\Src\stm32f4xx_hal_gpio.o
LOAD Drivers\STM32F4xx_HAL_Driver\Src\stm32f4xx_hal_pwr.o
LOAD Drivers\STM32F4xx_HAL_Driver\Src\stm32f4xx_hal_pwr_ex.o
LOAD Drivers\STM32F4xx_HAL_Driver\Src\stm32f4xx_hal_rcc.o
LOAD Drivers\STM32F4xx_HAL_Driver\Src\stm32f4xx_hal_rcc_ex.o
LOAD Drivers\STM32F4xx_HAL_Driver\Src\stm32f4xx_hal_sd.o
LOAD Drivers\STM32F4xx_HAL_Driver\Src\stm32f4xx_hal_tim.o
LOAD Drivers\STM32F4xx_HAL_Driver\Src\stm32f4xx_hal_tim_ex.o
LOAD Drivers\STM32F4xx_HAL_Driver\Src\stm32f4xx_ll_sdmmc.o
LOAD Middlewares\Third_Party\FatFs\src\diskio.o
LOAD Middlewares\Third_Party\FatFs\src\ff.o
LOAD Middlewares\Third_Party\FatFs\src\ff_gen_drv.o
LOAD Middlewares\Third_Party\FatFs\src\option\syscall.o
LOAD Middlewares\Third_Party\FreeRTOS\Source\CMSIS_RTOS\cmsis_os.o
LOAD Middlewares\Third_Party\FreeRTOS\Source\croutine.o
LOAD Middlewares\Third_Party\FreeRTOS\Source\event_groups.o
LOAD Middlewares\Third_Party\FreeRTOS\Source\list.o
LOAD Middlewares\Third_Party\FreeRTOS\Source\portable\GCC\ARM_CM4F\port.o
LOAD Middlewares\Third_Party\FreeRTOS\Source\portable\MemMang\heap_4.o
LOAD Middlewares\Third_Party\FreeRTOS\Source\queue.o
LOAD Middlewares\Third_Party\FreeRTOS\Source\stream_buffer.o
LOAD Middlewares\Third_Party\FreeRTOS\Source\tasks.o
LOAD Middlewares\Third_Party\FreeRTOS\Source\timers.o
LOAD Src\bsp_driver_sd.o
LOAD Src\fatfs.o
LOAD Src\flash_if.o
LOAD Src\freertos.o
LOAD Src\main.o
LOAD Src\sd_diskio.o
LOAD Src\stm32f4xx_hal_msp.o
LOAD Src\stm32f4xx_hal_timebase_tim.o
LOAD Src\stm32f4xx_it.o
LOAD Src\syscalls.o
LOAD Src\system_stm32f4xx.o
LOAD startup\startup_stm32f469xx.o
                0x00000080                malloc_getpagesize_P = 0x80
START GROUP
LOAD d:/truestudio for stm32 9.3.0/armtools/bin/../lib/gcc/arm-atollic-eabi/6.3.1/../../../../arm-atollic-eabi/lib/armv7e-m/fpu\libc_nano.a
LOAD d:/truestudio for stm32 9.3.0/armtools/bin/../lib/gcc/arm-atollic-eabi/6.3.1/../../../../arm-atollic-eabi/lib/armv7e-m/fpu\libm.a
END GROUP
START GROUP
LOAD d:/truestudio for stm32 9.3.0/armtools/bin/../lib/gcc/arm-atollic-eabi/6.3.1/armv7e-m/fpu\libgcc.a
LOAD d:/truestudio for stm32 9.3.0/armtools/bin/../lib/gcc/arm-atollic-eabi/6.3.1/../../../../arm-atollic-eabi/lib/armv7e-m/fpu\libc_nano.a
END GROUP
START GROUP
LOAD d:/truestudio for stm32 9.3.0/armtools/bin/../lib/gcc/arm-atollic-eabi/6.3.1/armv7e-m/fpu\libgcc.a
LOAD d:/truestudio for stm32 9.3.0/armtools/bin/../lib/gcc/arm-atollic-eabi/6.3.1/../../../../arm-atollic-eabi/lib/armv7e-m/fpu\libc_nano.a
LOAD d:/truestudio for stm32 9.3.0/armtools/bin/../lib/gcc/arm-atollic-eabi/6.3.1/../../../../arm-atollic-eabi/lib/armv7e-m/fpu\libnosys.a
END GROUP
START GROUP
LOAD d:/truestudio for stm32 9.3.0/armtools/bin/../lib/gcc/arm-atollic-eabi/6.3.1/armv7e-m/fpu\libgcc.a
LOAD d:/truestudio for stm32 9.3.0/armtools/bin/../lib/gcc/arm-atollic-eabi/6.3.1/../../../../arm-atollic-eabi/lib/armv7e-m/fpu\libc_nano.a
LOAD d:/truestudio for stm32 9.3.0/armtools/bin/../lib/gcc/arm-atollic-eabi/6.3.1/../../../../arm-atollic-eabi/lib/armv7e-m/fpu\libnosys.a
END GROUP
LOAD d:/truestudio for stm32 9.3.0/armtools/bin/../lib/gcc/arm-atollic-eabi/6.3.1/armv7e-m/fpu/crtend.o
LOAD d:/truestudio for stm32 9.3.0/armtools/bin/../lib/gcc/arm-atollic-eabi/6.3.1/armv7e-m/fpu/crtn.o
                0x20050000                _estack = 0x20050000
                0x00000200                _Min_Heap_Size = 0x200
                0x00000400                _Min_Stack_Size = 0x400

.isr_vector     0x08000000      0x1b4
                0x08000000                . = ALIGN (0x4)
 *(.isr_vector)
 .isr_vector    0x08000000      0x1b4 startup\startup_stm32f469xx.o
                0x08000000                g_pfnVectors
                0x080001b4                . = ALIGN (0x4)

.text           0x080001c0     0x654c
                0x080001c0                . = ALIGN (0x4)
 *(.text)
 .text          0x080001c0       0x40 d:/truestudio for stm32 9.3.0/armtools/bin/../lib/gcc/arm-atollic-eabi/6.3.1/armv7e-m/fpu/crtbegin.o
 .text          0x08000200       0x30 d:/truestudio for stm32 9.3.0/armtools/bin/../lib/gcc/arm-atollic-eabi/6.3.1/armv7e-m/fpu\libgcc.a(_aeabi_uldivmod.o)
                0x08000200                __aeabi_uldivmod
 .text          0x08000230      0x2dc d:/truestudio for stm32 9.3.0/armtools/bin/../lib/gcc/arm-atollic-eabi/6.3.1/armv7e-m/fpu\libgcc.a(_udivmoddi4.o)
                0x08000230                __udivmoddi4
 .text          0x0800050c        0x4 d:/truestudio for stm32 9.3.0/armtools/bin/../lib/gcc/arm-atollic-eabi/6.3.1/armv7e-m/fpu\libgcc.a(_dvmd_tls.o)
                0x0800050c                __aeabi_idiv0
                0x0800050c                __aeabi_ldiv0
 *(.text*)
 .text.HAL_Init
                0x08000510       0x34 Drivers\STM32F4xx_HAL_Driver\Src\stm32f4xx_hal.o
                0x08000510                HAL_Init
 .text.HAL_IncTick
                0x08000544       0x18 Drivers\STM32F4xx_HAL_Driver\Src\stm32f4xx_hal.o
                0x08000544                HAL_IncTick
 .text.HAL_GetTick
                0x0800055c        0xc Drivers\STM32F4xx_HAL_Driver\Src\stm32f4xx_hal.o
                0x0800055c                HAL_GetTick
 .text.HAL_Delay
                0x08000568       0x28 Drivers\STM32F4xx_HAL_Driver\Src\stm32f4xx_hal.o
                0x08000568                HAL_Delay
 .text.HAL_NVIC_SetPriorityGrouping
                0x08000590       0x24 Drivers\STM32F4xx_HAL_Driver\Src\stm32f4xx_hal_cortex.o
                0x08000590                HAL_NVIC_SetPriorityGrouping
 .text.HAL_NVIC_SetPriority
                0x080005b4       0x68 Drivers\STM32F4xx_HAL_Driver\Src\stm32f4xx_hal_cortex.o
                0x080005b4                HAL_NVIC_SetPriority
 .text.HAL_NVIC_EnableIRQ
                0x0800061c       0x1c Drivers\STM32F4xx_HAL_Driver\Src\stm32f4xx_hal_cortex.o
                0x0800061c                HAL_NVIC_EnableIRQ
 .text.DMA_CalcBaseAndBitshift
                0x08000638       0x2c Drivers\STM32F4xx_HAL_Driver\Src\stm32f4xx_hal_dma.o
 .text.HAL_DMA_Init
                0x08000664       0xfc Drivers\STM32F4xx_HAL_Driver\Src\stm32f4xx_hal_dma.o
                0x08000664                HAL_DMA_Init
 .text.HAL_DMA_Start_IT
                0x08000760       0x7c Drivers\STM32F4xx_HAL_Driver\Src\stm32f4xx_hal_dma.o
                0x08000760                HAL_DMA_Start_IT
 .text.HAL_DMA_Abort_IT
                0x080007dc       0x24 Drivers\STM32F4xx_HAL_Driver\Src\stm32f4xx_hal_dma.o
                0x080007dc                HAL_DMA_Abort_IT
 .text.HAL_DMA_IRQHandler
                0x08000800      0x174 Drivers\STM32F4xx_HAL_Driver\Src\stm32f4xx_hal_dma.o
                0x08000800                HAL_DMA_IRQHandler
 .text.FLASH_Program_DoubleWord
                0x08000974       0x28 Drivers\STM32F4xx_HAL_Driver\Src\stm32f4xx_hal_flash.o
 .text.FLASH_Program_Word
                0x0800099c       0x24 Drivers\STM32F4xx_HAL_Driver\Src\stm32f4xx_hal_flash.o
 .text.FLASH_Program_HalfWord
                0x080009c0       0x24 Drivers\STM32F4xx_HAL_Driver\Src\stm32f4xx_hal_flash.o
 .text.FLASH_SetErrorCode
                0x080009e4       0x8c Drivers\STM32F4xx_HAL_Driver\Src\stm32f4xx_hal_flash.o
 .text.HAL_FLASH_Unlock
                0x08000a70       0x24 Drivers\STM32F4xx_HAL_Driver\Src\stm32f4xx_hal_flash.o
                0x08000a70                HAL_FLASH_Unlock
 .text.HAL_FLASH_Lock
                0x08000a94       0x14 Drivers\STM32F4xx_HAL_Driver\Src\stm32f4xx_hal_flash.o
                0x08000a94                HAL_FLASH_Lock
 .text.FLASH_WaitForLastOperation
                0x08000aa8       0x54 Drivers\STM32F4xx_HAL_Driver\Src\stm32f4xx_hal_flash.o
                0x08000aa8                FLASH_WaitForLastOperation
 .text.HAL_FLASH_Program
                0x08000afc       0x90 Drivers\STM32F4xx_HAL_Driver\Src\stm32f4xx_hal_flash.o
                0x08000afc                HAL_FLASH_Program
 .text.FLASH_MassErase
                0x08000b8c       0x38 Drivers\STM32F4xx_HAL_Driver\Src\stm32f4xx_hal_flash_ex.o
 .text.FLASH_Erase_Sector
                0x08000bc4       0x50 Drivers\STM32F4xx_HAL_Driver\Src\stm32f4xx_hal_flash_ex.o
                0x08000bc4                FLASH_Erase_Sector
 .text.FLASH_FlushCaches
                0x08000c14       0x58 Drivers\STM32F4xx_HAL_Driver\Src\stm32f4xx_hal_flash_ex.o
                0x08000c14                FLASH_FlushCaches
 .text.HAL_FLASHEx_Erase
                0x08000c6c       0xa4 Drivers\STM32F4xx_HAL_Driver\Src\stm32f4xx_hal_flash_ex.o
                0x08000c6c                HAL_FLASHEx_Erase
 .text.HAL_GPIO_Init
                0x08000d10      0x1d8 Drivers\STM32F4xx_HAL_Driver\Src\stm32f4xx_hal_gpio.o
                0x08000d10                HAL_GPIO_Init
 .text.HAL_GPIO_WritePin
                0x08000ee8        0xa Drivers\STM32F4xx_HAL_Driver\Src\stm32f4xx_hal_gpio.o
                0x08000ee8                HAL_GPIO_WritePin
 .text.HAL_GPIO_TogglePin
                0x08000ef2        0xe Drivers\STM32F4xx_HAL_Driver\Src\stm32f4xx_hal_gpio.o
                0x08000ef2                HAL_GPIO_TogglePin
 .text.HAL_PWREx_EnableOverDrive
                0x08000f00       0x78 Drivers\STM32F4xx_HAL_Driver\Src\stm32f4xx_hal_pwr_ex.o
                0x08000f00                HAL_PWREx_EnableOverDrive
 .text.HAL_RCC_GetSysClockFreq
                0x08000f78       0x5c Drivers\STM32F4xx_HAL_Driver\Src\stm32f4xx_hal_rcc.o
                0x08000f78                HAL_RCC_GetSysClockFreq
 .text.HAL_RCC_ClockConfig
                0x08000fd4      0x134 Drivers\STM32F4xx_HAL_Driver\Src\stm32f4xx_hal_rcc.o
                0x08000fd4                HAL_RCC_ClockConfig
 .text.HAL_RCC_GetPCLK1Freq
                0x08001108       0x20 Drivers\STM32F4xx_HAL_Driver\Src\stm32f4xx_hal_rcc.o
                0x08001108                HAL_RCC_GetPCLK1Freq
 .text.HAL_RCC_GetClockConfig
                0x08001128       0x3c Drivers\STM32F4xx_HAL_Driver\Src\stm32f4xx_hal_rcc.o
                0x08001128                HAL_RCC_GetClockConfig
 .text.HAL_RCCEx_PeriphCLKConfig
                0x08001164      0x2c4 Drivers\STM32F4xx_HAL_Driver\Src\stm32f4xx_hal_rcc_ex.o
                0x08001164                HAL_RCCEx_PeriphCLKConfig
 .text.HAL_RCC_DeInit
                0x08001428      0x14c Drivers\STM32F4xx_HAL_Driver\Src\stm32f4xx_hal_rcc_ex.o
                0x08001428                HAL_RCC_DeInit
 .text.HAL_RCC_OscConfig
                0x08001574      0x308 Drivers\STM32F4xx_HAL_Driver\Src\stm32f4xx_hal_rcc_ex.o
                0x08001574                HAL_RCC_OscConfig
 .text.SD_DMATransmitCplt
                0x0800187c        0xe Drivers\STM32F4xx_HAL_Driver\Src\stm32f4xx_hal_sd.o
 .text.SD_FindSCR
                0x0800188a       0xca Drivers\STM32F4xx_HAL_Driver\Src\stm32f4xx_hal_sd.o
 .text.HAL_SD_ReadBlocks_DMA
                0x08001954      0x10c Drivers\STM32F4xx_HAL_Driver\Src\stm32f4xx_hal_sd.o
                0x08001954                HAL_SD_ReadBlocks_DMA
 .text.HAL_SD_WriteBlocks_DMA
                0x08001a60      0x100 Drivers\STM32F4xx_HAL_Driver\Src\stm32f4xx_hal_sd.o
                0x08001a60                HAL_SD_WriteBlocks_DMA
 .text.HAL_SD_ErrorCallback
                0x08001b60        0x2 Drivers\STM32F4xx_HAL_Driver\Src\stm32f4xx_hal_sd.o
                0x08001b60                HAL_SD_ErrorCallback
 .text.SD_DMAReceiveCplt
                0x08001b62       0x3c Drivers\STM32F4xx_HAL_Driver\Src\stm32f4xx_hal_sd.o
 .text.HAL_SD_GetCardCSD
                0x08001b9e      0x1be Drivers\STM32F4xx_HAL_Driver\Src\stm32f4xx_hal_sd.o
                0x08001b9e                HAL_SD_GetCardCSD
 .text.HAL_SD_InitCard
                0x08001d5c      0x1dc Drivers\STM32F4xx_HAL_Driver\Src\stm32f4xx_hal_sd.o
                0x08001d5c                HAL_SD_InitCard
 .text.HAL_SD_Init
                0x08001f38       0x34 Drivers\STM32F4xx_HAL_Driver\Src\stm32f4xx_hal_sd.o
                0x08001f38                HAL_SD_Init
 .text.HAL_SD_GetCardInfo
                0x08001f6c       0x24 Drivers\STM32F4xx_HAL_Driver\Src\stm32f4xx_hal_sd.o
                0x08001f6c                HAL_SD_GetCardInfo
 .text.HAL_SD_ConfigWideBusOperation
                0x08001f90      0x108 Drivers\STM32F4xx_HAL_Driver\Src\stm32f4xx_hal_sd.o
                0x08001f90                HAL_SD_ConfigWideBusOperation
 .text.HAL_SD_GetCardState
                0x08002098       0x28 Drivers\STM32F4xx_HAL_Driver\Src\stm32f4xx_hal_sd.o
                0x08002098                HAL_SD_GetCardState
 .text.SD_DMAError
                0x080020c0       0x54 Drivers\STM32F4xx_HAL_Driver\Src\stm32f4xx_hal_sd.o
 .text.SD_DMATxAbort
                0x08002114       0x44 Drivers\STM32F4xx_HAL_Driver\Src\stm32f4xx_hal_sd.o
 .text.SD_DMARxAbort
                0x08002158       0x44 Drivers\STM32F4xx_HAL_Driver\Src\stm32f4xx_hal_sd.o
 .text.HAL_SD_IRQHandler
                0x0800219c      0x1a8 Drivers\STM32F4xx_HAL_Driver\Src\stm32f4xx_hal_sd.o
                0x0800219c                HAL_SD_IRQHandler
 .text.HAL_TIM_Base_MspInit
                0x08002344        0x2 Drivers\STM32F4xx_HAL_Driver\Src\stm32f4xx_hal_tim.o
                0x08002344                HAL_TIM_Base_MspInit
 .text.HAL_TIM_Base_Start_IT
                0x08002346       0x20 Drivers\STM32F4xx_HAL_Driver\Src\stm32f4xx_hal_tim.o
                0x08002346                HAL_TIM_Base_Start_IT
 .text.HAL_TIM_OC_DelayElapsedCallback
                0x08002366        0x2 Drivers\STM32F4xx_HAL_Driver\Src\stm32f4xx_hal_tim.o
                0x08002366                HAL_TIM_OC_DelayElapsedCallback
 .text.HAL_TIM_IC_CaptureCallback
                0x08002368        0x2 Drivers\STM32F4xx_HAL_Driver\Src\stm32f4xx_hal_tim.o
                0x08002368                HAL_TIM_IC_CaptureCallback
 .text.HAL_TIM_PWM_PulseFinishedCallback
                0x0800236a        0x2 Drivers\STM32F4xx_HAL_Driver\Src\stm32f4xx_hal_tim.o
                0x0800236a                HAL_TIM_PWM_PulseFinishedCallback
 .text.HAL_TIM_TriggerCallback
                0x0800236c        0x2 Drivers\STM32F4xx_HAL_Driver\Src\stm32f4xx_hal_tim.o
                0x0800236c                HAL_TIM_TriggerCallback
 .text.HAL_TIM_IRQHandler
                0x0800236e      0x144 Drivers\STM32F4xx_HAL_Driver\Src\stm32f4xx_hal_tim.o
                0x0800236e                HAL_TIM_IRQHandler
 *fill*         0x080024b2        0x2 
 .text.TIM_Base_SetConfig
                0x080024b4       0xcc Drivers\STM32F4xx_HAL_Driver\Src\stm32f4xx_hal_tim.o
                0x080024b4                TIM_Base_SetConfig
 .text.HAL_TIM_Base_Init
                0x08002580       0x34 Drivers\STM32F4xx_HAL_Driver\Src\stm32f4xx_hal_tim.o
                0x08002580                HAL_TIM_Base_Init
 .text.HAL_TIMEx_CommutCallback
                0x080025b4        0x2 Drivers\STM32F4xx_HAL_Driver\Src\stm32f4xx_hal_tim_ex.o
                0x080025b4                HAL_TIMEx_CommutCallback
 .text.HAL_TIMEx_BreakCallback
                0x080025b6        0x2 Drivers\STM32F4xx_HAL_Driver\Src\stm32f4xx_hal_tim_ex.o
                0x080025b6                HAL_TIMEx_BreakCallback
 .text.SDMMC_GetCmdResp2
                0x080025b8       0x4c Drivers\STM32F4xx_HAL_Driver\Src\stm32f4xx_ll_sdmmc.o
 .text.SDMMC_GetCmdResp3
                0x08002604       0x40 Drivers\STM32F4xx_HAL_Driver\Src\stm32f4xx_ll_sdmmc.o
 .text.SDIO_Init
                0x08002644       0x38 Drivers\STM32F4xx_HAL_Driver\Src\stm32f4xx_ll_sdmmc.o
                0x08002644                SDIO_Init
 .text.SDIO_ReadFIFO
                0x0800267c        0x6 Drivers\STM32F4xx_HAL_Driver\Src\stm32f4xx_ll_sdmmc.o
                0x0800267c                SDIO_ReadFIFO
 .text.SDIO_WriteFIFO
                0x08002682        0xa Drivers\STM32F4xx_HAL_Driver\Src\stm32f4xx_ll_sdmmc.o
                0x08002682                SDIO_WriteFIFO
 .text.SDIO_PowerState_ON
                0x0800268c        0x8 Drivers\STM32F4xx_HAL_Driver\Src\stm32f4xx_ll_sdmmc.o
                0x0800268c                SDIO_PowerState_ON
 .text.SDIO_GetPowerState
                0x08002694        0x8 Drivers\STM32F4xx_HAL_Driver\Src\stm32f4xx_ll_sdmmc.o
                0x08002694                SDIO_GetPowerState
 .text.SDIO_SendCommand
                0x0800269c       0x26 Drivers\STM32F4xx_HAL_Driver\Src\stm32f4xx_ll_sdmmc.o
                0x0800269c                SDIO_SendCommand
 .text.SDIO_GetResponse
                0x080026c2       0x14 Drivers\STM32F4xx_HAL_Driver\Src\stm32f4xx_ll_sdmmc.o
                0x080026c2                SDIO_GetResponse
 *fill*         0x080026d6        0x2 
 .text.SDMMC_GetCmdResp1
                0x080026d8      0x120 Drivers\STM32F4xx_HAL_Driver\Src\stm32f4xx_ll_sdmmc.o
 .text.SDIO_ConfigData
                0x080027f8       0x26 Drivers\STM32F4xx_HAL_Driver\Src\stm32f4xx_ll_sdmmc.o
                0x080027f8                SDIO_ConfigData
 .text.SDMMC_CmdBlockLength
                0x0800281e       0x30 Drivers\STM32F4xx_HAL_Driver\Src\stm32f4xx_ll_sdmmc.o
                0x0800281e                SDMMC_CmdBlockLength
 .text.SDMMC_CmdReadSingleBlock
                0x0800284e       0x30 Drivers\STM32F4xx_HAL_Driver\Src\stm32f4xx_ll_sdmmc.o
                0x0800284e                SDMMC_CmdReadSingleBlock
 .text.SDMMC_CmdReadMultiBlock
                0x0800287e       0x30 Drivers\STM32F4xx_HAL_Driver\Src\stm32f4xx_ll_sdmmc.o
                0x0800287e                SDMMC_CmdReadMultiBlock
 .text.SDMMC_CmdWriteSingleBlock
                0x080028ae       0x30 Drivers\STM32F4xx_HAL_Driver\Src\stm32f4xx_ll_sdmmc.o
                0x080028ae                SDMMC_CmdWriteSingleBlock
 .text.SDMMC_CmdWriteMultiBlock
                0x080028de       0x30 Drivers\STM32F4xx_HAL_Driver\Src\stm32f4xx_ll_sdmmc.o
                0x080028de                SDMMC_CmdWriteMultiBlock
 *fill*         0x0800290e        0x2 
 .text.SDMMC_CmdStopTransfer
                0x08002910       0x34 Drivers\STM32F4xx_HAL_Driver\Src\stm32f4xx_ll_sdmmc.o
                0x08002910                SDMMC_CmdStopTransfer
 .text.SDMMC_CmdSelDesel
                0x08002944       0x30 Drivers\STM32F4xx_HAL_Driver\Src\stm32f4xx_ll_sdmmc.o
                0x08002944                SDMMC_CmdSelDesel
 .text.SDMMC_CmdGoIdleState
                0x08002974       0x50 Drivers\STM32F4xx_HAL_Driver\Src\stm32f4xx_ll_sdmmc.o
                0x08002974                SDMMC_CmdGoIdleState
 .text.SDMMC_CmdOperCond
                0x080029c4       0x70 Drivers\STM32F4xx_HAL_Driver\Src\stm32f4xx_ll_sdmmc.o
                0x080029c4                SDMMC_CmdOperCond
 .text.SDMMC_CmdAppCommand
                0x08002a34       0x30 Drivers\STM32F4xx_HAL_Driver\Src\stm32f4xx_ll_sdmmc.o
                0x08002a34                SDMMC_CmdAppCommand
 .text.SDMMC_CmdAppOperCommand
                0x08002a64       0x32 Drivers\STM32F4xx_HAL_Driver\Src\stm32f4xx_ll_sdmmc.o
                0x08002a64                SDMMC_CmdAppOperCommand
 .text.SDMMC_CmdSendSCR
                0x08002a96       0x30 Drivers\STM32F4xx_HAL_Driver\Src\stm32f4xx_ll_sdmmc.o
                0x08002a96                SDMMC_CmdSendSCR
 .text.SDMMC_CmdSendCID
                0x08002ac6       0x2a Drivers\STM32F4xx_HAL_Driver\Src\stm32f4xx_ll_sdmmc.o
                0x08002ac6                SDMMC_CmdSendCID
 .text.SDMMC_CmdSendCSD
                0x08002af0       0x2a Drivers\STM32F4xx_HAL_Driver\Src\stm32f4xx_ll_sdmmc.o
                0x08002af0                SDMMC_CmdSendCSD
 *fill*         0x08002b1a        0x2 
 .text.SDMMC_CmdSetRelAdd
                0x08002b1c       0xa8 Drivers\STM32F4xx_HAL_Driver\Src\stm32f4xx_ll_sdmmc.o
                0x08002b1c                SDMMC_CmdSetRelAdd
 .text.SDMMC_CmdSendStatus
                0x08002bc4       0x30 Drivers\STM32F4xx_HAL_Driver\Src\stm32f4xx_ll_sdmmc.o
                0x08002bc4                SDMMC_CmdSendStatus
 .text.SDMMC_CmdSwitch
                0x08002bf4       0x30 Drivers\STM32F4xx_HAL_Driver\Src\stm32f4xx_ll_sdmmc.o
                0x08002bf4                SDMMC_CmdSwitch
 .text.SDMMC_CmdBusWidth
                0x08002c24        0x4 Drivers\STM32F4xx_HAL_Driver\Src\stm32f4xx_ll_sdmmc.o
                0x08002c24                SDMMC_CmdBusWidth
 .text.disk_status
                0x08002c28       0x14 Middlewares\Third_Party\FatFs\src\diskio.o
                0x08002c28                disk_status
 .text.disk_initialize
                0x08002c3c       0x20 Middlewares\Third_Party\FatFs\src\diskio.o
                0x08002c3c                disk_initialize
 .text.disk_read
                0x08002c5c       0x1c Middlewares\Third_Party\FatFs\src\diskio.o
                0x08002c5c                disk_read
 .text.disk_write
                0x08002c78       0x1c Middlewares\Third_Party\FatFs\src\diskio.o
                0x08002c78                disk_write
 .text.disk_ioctl
                0x08002c94       0x1c Middlewares\Third_Party\FatFs\src\diskio.o
                0x08002c94                disk_ioctl
 .text.ld_dword
                0x08002cb0       0x10 Middlewares\Third_Party\FatFs\src\ff.o
 .text.st_dword
                0x08002cc0       0x10 Middlewares\Third_Party\FatFs\src\ff.o
 .text.mem_set  0x08002cd0        0xc Middlewares\Third_Party\FatFs\src\ff.o
 .text.chk_lock
                0x08002cdc       0x5c Middlewares\Third_Party\FatFs\src\ff.o
 .text.inc_lock
                0x08002d38       0x78 Middlewares\Third_Party\FatFs\src\ff.o
 .text.dec_lock
                0x08002db0       0x30 Middlewares\Third_Party\FatFs\src\ff.o
 .text.clust2sect
                0x08002de0       0x16 Middlewares\Third_Party\FatFs\src\ff.o
 .text.clmt_clust
                0x08002df6       0x28 Middlewares\Third_Party\FatFs\src\ff.o
 .text.get_ldnumber
                0x08002e1e       0x30 Middlewares\Third_Party\FatFs\src\ff.o
 .text.mem_cpy.part.0
                0x08002e4e       0x12 Middlewares\Third_Party\FatFs\src\ff.o
 .text.ld_clust.isra.1
                0x08002e60       0x1c Middlewares\Third_Party\FatFs\src\ff.o
 .text.st_clust.isra.2
                0x08002e7c       0x18 Middlewares\Third_Party\FatFs\src\ff.o
 .text.sync_window.part.4
                0x08002e94       0x46 Middlewares\Third_Party\FatFs\src\ff.o
 .text.sync_window
                0x08002eda        0xc Middlewares\Third_Party\FatFs\src\ff.o
 .text.sync_fs  0x08002ee6       0x94 Middlewares\Third_Party\FatFs\src\ff.o
 .text.move_window
                0x08002f7a       0x36 Middlewares\Third_Party\FatFs\src\ff.o
 .text.check_fs
                0x08002fb0       0x80 Middlewares\Third_Party\FatFs\src\ff.o
 .text.put_fat  0x08003030      0x128 Middlewares\Third_Party\FatFs\src\ff.o
 .text.get_fat.isra.8
                0x08003158       0xe0 Middlewares\Third_Party\FatFs\src\ff.o
 .text.create_chain
                0x08003238       0xb0 Middlewares\Third_Party\FatFs\src\ff.o
 .text.remove_chain
                0x080032e8       0x6c Middlewares\Third_Party\FatFs\src\ff.o
 .text.unlock_fs
                0x08003354       0x16 Middlewares\Third_Party\FatFs\src\ff.o
 .text.validate
                0x0800336a       0x4c Middlewares\Third_Party\FatFs\src\ff.o
 .text.dir_sdi.constprop.12
                0x080033b6       0x6a Middlewares\Third_Party\FatFs\src\ff.o
 .text.dir_next
                0x08003420      0x100 Middlewares\Third_Party\FatFs\src\ff.o
 .text.follow_path
                0x08003520      0x18c Middlewares\Third_Party\FatFs\src\ff.o
 .text.dir_register
                0x080036ac       0x62 Middlewares\Third_Party\FatFs\src\ff.o
 *fill*         0x0800370e        0x2 
 .text.find_volume
                0x08003710      0x304 Middlewares\Third_Party\FatFs\src\ff.o
 .text.f_mount  0x08003a14       0x94 Middlewares\Third_Party\FatFs\src\ff.o
                0x08003a14                f_mount
 .text.f_open   0x08003aa8      0x234 Middlewares\Third_Party\FatFs\src\ff.o
                0x08003aa8                f_open
 .text.f_read   0x08003cdc      0x19c Middlewares\Third_Party\FatFs\src\ff.o
                0x08003cdc                f_read
 .text.f_sync   0x08003e78       0xa0 Middlewares\Third_Party\FatFs\src\ff.o
                0x08003e78                f_sync
 .text.f_close  0x08003f18       0x32 Middlewares\Third_Party\FatFs\src\ff.o
                0x08003f18                f_close
 *fill*         0x08003f4a        0x2 
 .text.FATFS_LinkDriverEx
                0x08003f4c       0x44 Middlewares\Third_Party\FatFs\src\ff_gen_drv.o
                0x08003f4c                FATFS_LinkDriverEx
 .text.FATFS_LinkDriver
                0x08003f90        0x6 Middlewares\Third_Party\FatFs\src\ff_gen_drv.o
                0x08003f90                FATFS_LinkDriver
 .text.ff_cre_syncobj
                0x08003f96       0x1e Middlewares\Third_Party\FatFs\src\option\syscall.o
                0x08003f96                ff_cre_syncobj
 .text.ff_del_syncobj
                0x08003fb4        0xa Middlewares\Third_Party\FatFs\src\option\syscall.o
                0x08003fb4                ff_del_syncobj
 .text.ff_req_grant
                0x08003fbe       0x12 Middlewares\Third_Party\FatFs\src\option\syscall.o
                0x08003fbe                ff_req_grant
 .text.ff_rel_grant
                0x08003fd0        0x4 Middlewares\Third_Party\FatFs\src\option\syscall.o
                0x08003fd0                ff_rel_grant
 .text.osKernelStart
                0x08003fd4        0xa Middlewares\Third_Party\FreeRTOS\Source\CMSIS_RTOS\cmsis_os.o
                0x08003fd4                osKernelStart
 .text.osKernelRunning
                0x08003fde       0x10 Middlewares\Third_Party\FreeRTOS\Source\CMSIS_RTOS\cmsis_os.o
                0x08003fde                osKernelRunning
 .text.osKernelSysTick
                0x08003fee        0xe Middlewares\Third_Party\FreeRTOS\Source\CMSIS_RTOS\cmsis_os.o
                0x08003fee                osKernelSysTick
 .text.osThreadCreate
                0x08003ffc       0x50 Middlewares\Third_Party\FreeRTOS\Source\CMSIS_RTOS\cmsis_os.o
                0x08003ffc                osThreadCreate
 .text.osDelay  0x0800404c       0x10 Middlewares\Third_Party\FreeRTOS\Source\CMSIS_RTOS\cmsis_os.o
                0x0800404c                osDelay
 .text.osSemaphoreCreate
                0x0800405c       0x4c Middlewares\Third_Party\FreeRTOS\Source\CMSIS_RTOS\cmsis_os.o
                0x0800405c                osSemaphoreCreate
 .text.osSemaphoreWait
                0x080040a8       0x4c Middlewares\Third_Party\FreeRTOS\Source\CMSIS_RTOS\cmsis_os.o
                0x080040a8                osSemaphoreWait
 .text.osSemaphoreRelease
                0x080040f4       0x48 Middlewares\Third_Party\FreeRTOS\Source\CMSIS_RTOS\cmsis_os.o
                0x080040f4                osSemaphoreRelease
 .text.osMessageCreate
                0x0800413c       0x28 Middlewares\Third_Party\FreeRTOS\Source\CMSIS_RTOS\cmsis_os.o
                0x0800413c                osMessageCreate
 .text.osMessagePut
                0x08004164       0x50 Middlewares\Third_Party\FreeRTOS\Source\CMSIS_RTOS\cmsis_os.o
                0x08004164                osMessagePut
 .text.osMessageGet
                0x080041b4       0x74 Middlewares\Third_Party\FreeRTOS\Source\CMSIS_RTOS\cmsis_os.o
                0x080041b4                osMessageGet
 .text.osMessageDelete
                0x08004228       0x14 Middlewares\Third_Party\FreeRTOS\Source\CMSIS_RTOS\cmsis_os.o
                0x08004228                osMessageDelete
 .text.osSemaphoreDelete
                0x0800423c        0x4 Middlewares\Third_Party\FreeRTOS\Source\CMSIS_RTOS\cmsis_os.o
                0x0800423c                osSemaphoreDelete
 .text.vListInitialise
                0x08004240       0x16 Middlewares\Third_Party\FreeRTOS\Source\list.o
                0x08004240                vListInitialise
 .text.vListInitialiseItem
                0x08004256        0x6 Middlewares\Third_Party\FreeRTOS\Source\list.o
                0x08004256                vListInitialiseItem
 .text.vListInsertEnd
                0x0800425c       0x18 Middlewares\Third_Party\FreeRTOS\Source\list.o
                0x0800425c                vListInsertEnd
 .text.vListInsert
                0x08004274       0x2e Middlewares\Third_Party\FreeRTOS\Source\list.o
                0x08004274                vListInsert
 .text.uxListRemove
                0x080042a2       0x22 Middlewares\Third_Party\FreeRTOS\Source\list.o
                0x080042a2                uxListRemove
 .text.prvTaskExitError
                0x080042c4       0x40 Middlewares\Third_Party\FreeRTOS\Source\portable\GCC\ARM_CM4F\port.o
 .text.unlikely.prvPortStartFirstTask
                0x08004304       0x28 Middlewares\Third_Party\FreeRTOS\Source\portable\GCC\ARM_CM4F\port.o
 .text.unlikely.vPortEnableVFP
                0x0800432c       0x14 Middlewares\Third_Party\FreeRTOS\Source\portable\GCC\ARM_CM4F\port.o
 .text.pxPortInitialiseStack
                0x08004340       0x2c Middlewares\Third_Party\FreeRTOS\Source\portable\GCC\ARM_CM4F\port.o
                0x08004340                pxPortInitialiseStack
 *fill*         0x0800436c        0x4 
 .text.SVC_Handler
                0x08004370       0x24 Middlewares\Third_Party\FreeRTOS\Source\portable\GCC\ARM_CM4F\port.o
                0x08004370                SVC_Handler
 .text.vPortEnterCritical
                0x08004394       0x44 Middlewares\Third_Party\FreeRTOS\Source\portable\GCC\ARM_CM4F\port.o
                0x08004394                vPortEnterCritical
 .text.vPortExitCritical
                0x080043d8       0x28 Middlewares\Third_Party\FreeRTOS\Source\portable\GCC\ARM_CM4F\port.o
                0x080043d8                vPortExitCritical
 .text.PendSV_Handler
                0x08004400       0x64 Middlewares\Third_Party\FreeRTOS\Source\portable\GCC\ARM_CM4F\port.o
                0x08004400                PendSV_Handler
 .text.SysTick_Handler
                0x08004464       0x2c Middlewares\Third_Party\FreeRTOS\Source\portable\GCC\ARM_CM4F\port.o
                0x08004464                SysTick_Handler
 .text.vPortSetupTimerInterrupt
                0x08004490       0x34 Middlewares\Third_Party\FreeRTOS\Source\portable\GCC\ARM_CM4F\port.o
                0x08004490                vPortSetupTimerInterrupt
 .text.xPortStartScheduler
                0x080044c4      0x10c Middlewares\Third_Party\FreeRTOS\Source\portable\GCC\ARM_CM4F\port.o
                0x080044c4                xPortStartScheduler
 .text.vPortValidateInterruptPriority
                0x080045d0       0x5c Middlewares\Third_Party\FreeRTOS\Source\portable\GCC\ARM_CM4F\port.o
                0x080045d0                vPortValidateInterruptPriority
 .text.unlikely.prvInsertBlockIntoFreeList
                0x0800462c       0x48 Middlewares\Third_Party\FreeRTOS\Source\portable\MemMang\heap_4.o
 .text.pvPortMalloc
                0x08004674      0x11c Middlewares\Third_Party\FreeRTOS\Source\portable\MemMang\heap_4.o
                0x08004674                pvPortMalloc
 .text.vPortFree
                0x08004790       0x70 Middlewares\Third_Party\FreeRTOS\Source\portable\MemMang\heap_4.o
                0x08004790                vPortFree
 .text.prvIsQueueEmpty
                0x08004800       0x16 Middlewares\Third_Party\FreeRTOS\Source\queue.o
 .text.unlikely.prvCopyDataToQueue
                0x08004816       0x66 Middlewares\Third_Party\FreeRTOS\Source\queue.o
 .text.unlikely.prvCopyDataFromQueue
                0x0800487c       0x2a Middlewares\Third_Party\FreeRTOS\Source\queue.o
 .text.prvUnlockQueue
                0x080048a6       0x70 Middlewares\Third_Party\FreeRTOS\Source\queue.o
 *fill*         0x08004916        0x2 
 .text.xQueueGenericReset
                0x08004918       0x80 Middlewares\Third_Party\FreeRTOS\Source\queue.o
                0x08004918                xQueueGenericReset
 .text.xQueueGenericCreateStatic
                0x08004998       0x92 Middlewares\Third_Party\FreeRTOS\Source\queue.o
                0x08004998                xQueueGenericCreateStatic
 .text.xQueueGenericCreate
                0x08004a2a       0x48 Middlewares\Third_Party\FreeRTOS\Source\queue.o
                0x08004a2a                xQueueGenericCreate
 *fill*         0x08004a72        0x2 
 .text.xQueueGenericSend
                0x08004a74      0x16c Middlewares\Third_Party\FreeRTOS\Source\queue.o
                0x08004a74                xQueueGenericSend
 .text.xQueueGenericSendFromISR
                0x08004be0       0xc4 Middlewares\Third_Party\FreeRTOS\Source\queue.o
                0x08004be0                xQueueGenericSendFromISR
 .text.xQueueGiveFromISR
                0x08004ca4       0xa8 Middlewares\Third_Party\FreeRTOS\Source\queue.o
                0x08004ca4                xQueueGiveFromISR
 .text.xQueueReceive
                0x08004d4c      0x148 Middlewares\Third_Party\FreeRTOS\Source\queue.o
                0x08004d4c                xQueueReceive
 .text.xQueueSemaphoreTake
                0x08004e94      0x180 Middlewares\Third_Party\FreeRTOS\Source\queue.o
                0x08004e94                xQueueSemaphoreTake
 .text.xQueueReceiveFromISR
                0x08005014       0xa0 Middlewares\Third_Party\FreeRTOS\Source\queue.o
                0x08005014                xQueueReceiveFromISR
 .text.vQueueUnregisterQueue
                0x080050b4       0x28 Middlewares\Third_Party\FreeRTOS\Source\queue.o
                0x080050b4                vQueueUnregisterQueue
 .text.vQueueDelete
                0x080050dc       0x2e Middlewares\Third_Party\FreeRTOS\Source\queue.o
                0x080050dc                vQueueDelete
 *fill*         0x0800510a        0x2 
 .text.prvAddNewTaskToReadyList
                0x0800510c       0xf8 Middlewares\Third_Party\FreeRTOS\Source\tasks.o
 .text.prvResetNextTaskUnblockTime
                0x08005204       0x24 Middlewares\Third_Party\FreeRTOS\Source\tasks.o
 .text.prvInitialiseNewTask.isra.2
                0x08005228       0x82 Middlewares\Third_Party\FreeRTOS\Source\tasks.o
 .text.prvDeleteTCB
                0x080052aa       0x36 Middlewares\Third_Party\FreeRTOS\Source\tasks.o
 .text.prvIdleTask
                0x080052e0       0x64 Middlewares\Third_Party\FreeRTOS\Source\tasks.o
 .text.prvAddCurrentTaskToDelayedList
                0x08005344       0x8c Middlewares\Third_Party\FreeRTOS\Source\tasks.o
 .text.xTaskCreateStatic
                0x080053d0       0x6e Middlewares\Third_Party\FreeRTOS\Source\tasks.o
                0x080053d0                xTaskCreateStatic
 .text.xTaskCreate
                0x0800543e       0x5a Middlewares\Third_Party\FreeRTOS\Source\tasks.o
                0x0800543e                xTaskCreate
 .text.vTaskStartScheduler
                0x08005498       0x6c Middlewares\Third_Party\FreeRTOS\Source\tasks.o
                0x08005498                vTaskStartScheduler
 .text.vTaskSuspendAll
                0x08005504       0x10 Middlewares\Third_Party\FreeRTOS\Source\tasks.o
                0x08005504                vTaskSuspendAll
 .text.xTaskGetTickCount
                0x08005514        0xc Middlewares\Third_Party\FreeRTOS\Source\tasks.o
                0x08005514                xTaskGetTickCount
 .text.xTaskGetTickCountFromISR
                0x08005520       0x10 Middlewares\Third_Party\FreeRTOS\Source\tasks.o
                0x08005520                xTaskGetTickCountFromISR
 .text.xTaskIncrementTick
                0x08005530      0x124 Middlewares\Third_Party\FreeRTOS\Source\tasks.o
                0x08005530                xTaskIncrementTick
 .text.xTaskResumeAll
                0x08005654       0xf0 Middlewares\Third_Party\FreeRTOS\Source\tasks.o
                0x08005654                xTaskResumeAll
 .text.vTaskDelay
                0x08005744       0x48 Middlewares\Third_Party\FreeRTOS\Source\tasks.o
                0x08005744                vTaskDelay
 .text.vTaskSwitchContext
                0x0800578c       0x74 Middlewares\Third_Party\FreeRTOS\Source\tasks.o
                0x0800578c                vTaskSwitchContext
 .text.vTaskPlaceOnEventList
                0x08005800       0x34 Middlewares\Third_Party\FreeRTOS\Source\tasks.o
                0x08005800                vTaskPlaceOnEventList
 .text.xTaskRemoveFromEventList
                0x08005834       0x84 Middlewares\Third_Party\FreeRTOS\Source\tasks.o
                0x08005834                xTaskRemoveFromEventList
 .text.vTaskInternalSetTimeOutState
                0x080058b8       0x18 Middlewares\Third_Party\FreeRTOS\Source\tasks.o
                0x080058b8                vTaskInternalSetTimeOutState
 .text.xTaskCheckForTimeOut
                0x080058d0       0x78 Middlewares\Third_Party\FreeRTOS\Source\tasks.o
                0x080058d0                xTaskCheckForTimeOut
 .text.vTaskMissedYield
                0x08005948        0xc Middlewares\Third_Party\FreeRTOS\Source\tasks.o
                0x08005948                vTaskMissedYield
 .text.xTaskGetSchedulerState
                0x08005954       0x20 Middlewares\Third_Party\FreeRTOS\Source\tasks.o
                0x08005954                xTaskGetSchedulerState
 .text.xTaskPriorityInherit
                0x08005974       0xa8 Middlewares\Third_Party\FreeRTOS\Source\tasks.o
                0x08005974                xTaskPriorityInherit
 .text.xTaskPriorityDisinherit
                0x08005a1c       0xa0 Middlewares\Third_Party\FreeRTOS\Source\tasks.o
                0x08005a1c                xTaskPriorityDisinherit
 .text.vTaskPriorityDisinheritAfterTimeout
                0x08005abc       0xb4 Middlewares\Third_Party\FreeRTOS\Source\tasks.o
                0x08005abc                vTaskPriorityDisinheritAfterTimeout
 .text.pvTaskIncrementMutexHeldCount
                0x08005b70       0x18 Middlewares\Third_Party\FreeRTOS\Source\tasks.o
                0x08005b70                pvTaskIncrementMutexHeldCount
 .text.BSP_SD_Init
                0x08005b88       0x34 Src\bsp_driver_sd.o
                0x08005b88                BSP_SD_Init
 .text.BSP_SD_ReadBlocks_DMA
                0x08005bbc       0x1c Src\bsp_driver_sd.o
                0x08005bbc                BSP_SD_ReadBlocks_DMA
 .text.BSP_SD_WriteBlocks_DMA
                0x08005bd8       0x1c Src\bsp_driver_sd.o
                0x08005bd8                BSP_SD_WriteBlocks_DMA
 .text.BSP_SD_GetCardState
                0x08005bf4       0x14 Src\bsp_driver_sd.o
                0x08005bf4                BSP_SD_GetCardState
 .text.BSP_SD_GetCardInfo
                0x08005c08        0xc Src\bsp_driver_sd.o
                0x08005c08                BSP_SD_GetCardInfo
 .text.BSP_SD_AbortCallback
                0x08005c14        0x2 Src\bsp_driver_sd.o
                0x08005c14                BSP_SD_AbortCallback
 .text.HAL_SD_AbortCallback
                0x08005c16        0x8 Src\bsp_driver_sd.o
                0x08005c16                HAL_SD_AbortCallback
 .text.HAL_SD_TxCpltCallback
                0x08005c1e        0x8 Src\bsp_driver_sd.o
                0x08005c1e                HAL_SD_TxCpltCallback
 .text.HAL_SD_RxCpltCallback
                0x08005c26        0x8 Src\bsp_driver_sd.o
                0x08005c26                HAL_SD_RxCpltCallback
 .text.get_fattime
                0x08005c2e        0x4 Src\fatfs.o
                0x08005c2e                get_fattime
 *fill*         0x08005c32        0x2 
 .text.flash_program
                0x08005c34       0x70 Src\fatfs.o
                0x08005c34                flash_program
 .text.jumptoapplicaion
                0x08005ca4       0x44 Src\fatfs.o
                0x08005ca4                jumptoapplicaion
 .text.flash_download
                0x08005ce8       0x50 Src\fatfs.o
                0x08005ce8                flash_download
 .text.MX_FATFS_Init
                0x08005d38       0x24 Src\fatfs.o
                0x08005d38                MX_FATFS_Init
 .text.FLASH_If_FlashUnlock
                0x08005d5c        0x4 Src\flash_if.o
                0x08005d5c                FLASH_If_FlashUnlock
 .text.FLASH_If_Flashlock
                0x08005d60        0x4 Src\flash_if.o
                0x08005d60                FLASH_If_Flashlock
 .text.FLASH_If_EraseSectors
                0x08005d64      0x17c Src\flash_if.o
                0x08005d64                FLASH_If_EraseSectors
 .text.FLASH_If_Write
                0x08005ee0       0x24 Src\flash_if.o
                0x08005ee0                FLASH_If_Write
 .text.vApplicationGetIdleTaskMemory
                0x08005f04       0x18 Src\freertos.o
                0x08005f04                vApplicationGetIdleTaskMemory
 .text.StartDefaultTask
                0x08005f1c       0x1c Src\main.o
                0x08005f1c                StartDefaultTask
 .text.SystemClock_Config
                0x08005f38       0xb4 Src\main.o
                0x08005f38                SystemClock_Config
 .text.startup.main
                0x08005fec      0x10c Src\main.o
                0x08005fec                main
 .text.HAL_TIM_PeriodElapsedCallback
                0x080060f8       0x14 Src\main.o
                0x080060f8                HAL_TIM_PeriodElapsedCallback
 .text.Error_Handler
                0x0800610c        0x2 Src\main.o
                0x0800610c                Error_Handler
 *fill*         0x0800610e        0x2 
 .text.SD_CheckStatus.isra.0
                0x08006110       0x20 Src\sd_diskio.o
 .text.SD_initialize
                0x08006130       0x4c Src\sd_diskio.o
                0x08006130                SD_initialize
 .text.SD_status
                0x0800617c        0x4 Src\sd_diskio.o
                0x0800617c                SD_status
 .text.SD_ioctl
                0x08006180       0x50 Src\sd_diskio.o
                0x08006180                SD_ioctl
 .text.SD_CheckStatusWithTimeout.constprop.2
                0x080061d0       0x26 Src\sd_diskio.o
 *fill*         0x080061f6        0x2 
 .text.SD_write
                0x080061f8       0xbc Src\sd_diskio.o
                0x080061f8                SD_write
 .text.SD_read  0x080062b4       0xa8 Src\sd_diskio.o
                0x080062b4                SD_read
 .text.BSP_SD_WriteCpltCallback
                0x0800635c       0x14 Src\sd_diskio.o
                0x0800635c                BSP_SD_WriteCpltCallback
 .text.BSP_SD_ReadCpltCallback
                0x08006370       0x14 Src\sd_diskio.o
                0x08006370                BSP_SD_ReadCpltCallback
 .text.HAL_MspInit
                0x08006384       0x44 Src\stm32f4xx_hal_msp.o
                0x08006384                HAL_MspInit
 .text.HAL_SD_MspInit
                0x080063c8      0x164 Src\stm32f4xx_hal_msp.o
                0x080063c8                HAL_SD_MspInit
 .text.HAL_InitTick
                0x0800652c       0x7c Src\stm32f4xx_hal_timebase_tim.o
                0x0800652c                HAL_InitTick
 .text.NMI_Handler
                0x080065a8        0x2 Src\stm32f4xx_it.o
                0x080065a8                NMI_Handler
 .text.HardFault_Handler
                0x080065aa        0x2 Src\stm32f4xx_it.o
                0x080065aa                HardFault_Handler
 .text.MemManage_Handler
                0x080065ac        0x2 Src\stm32f4xx_it.o
                0x080065ac                MemManage_Handler
 .text.BusFault_Handler
                0x080065ae        0x2 Src\stm32f4xx_it.o
                0x080065ae                BusFault_Handler
 .text.UsageFault_Handler
                0x080065b0        0x2 Src\stm32f4xx_it.o
                0x080065b0                UsageFault_Handler
 .text.DebugMon_Handler
                0x080065b2        0x2 Src\stm32f4xx_it.o
                0x080065b2                DebugMon_Handler
 .text.SDIO_IRQHandler
                0x080065b4        0xc Src\stm32f4xx_it.o
                0x080065b4                SDIO_IRQHandler
 .text.TIM6_DAC_IRQHandler
                0x080065c0        0xc Src\stm32f4xx_it.o
                0x080065c0                TIM6_DAC_IRQHandler
 .text.DMA2_Stream3_IRQHandler
                0x080065cc        0xc Src\stm32f4xx_it.o
                0x080065cc                DMA2_Stream3_IRQHandler
 .text.DMA2_Stream6_IRQHandler
                0x080065d8        0xc Src\stm32f4xx_it.o
                0x080065d8                DMA2_Stream6_IRQHandler
 .text.SystemInit
                0x080065e4       0x4c Src\system_stm32f4xx.o
                0x080065e4                SystemInit
 .text.Reset_Handler
                0x08006630       0x50 startup\startup_stm32f469xx.o
                0x08006630                Reset_Handler
 .text.Default_Handler
                0x08006680        0x2 startup\startup_stm32f469xx.o
                0x08006680                RTC_Alarm_IRQHandler
                0x08006680                HASH_RNG_IRQHandler
                0x08006680                EXTI2_IRQHandler
                0x08006680                TIM8_CC_IRQHandler
                0x08006680                UART8_IRQHandler
                0x08006680                SPI4_IRQHandler
                0x08006680                TIM1_CC_IRQHandler
                0x08006680                DMA2_Stream5_IRQHandler
                0x08006680                DMA1_Stream5_IRQHandler
                0x08006680                PVD_IRQHandler
                0x08006680                TAMP_STAMP_IRQHandler
                0x08006680                CAN2_RX1_IRQHandler
                0x08006680                EXTI3_IRQHandler
                0x08006680                TIM8_TRG_COM_TIM14_IRQHandler
                0x08006680                TIM1_UP_TIM10_IRQHandler
                0x08006680                TIM8_UP_TIM13_IRQHandler
                0x08006680                I2C3_ER_IRQHandler
                0x08006680                EXTI0_IRQHandler
                0x08006680                I2C2_EV_IRQHandler
                0x08006680                DMA1_Stream2_IRQHandler
                0x08006680                CAN1_RX0_IRQHandler
                0x08006680                FPU_IRQHandler
                0x08006680                OTG_HS_WKUP_IRQHandler
                0x08006680                LTDC_ER_IRQHandler
                0x08006680                CAN2_SCE_IRQHandler
                0x08006680                DMA2_Stream2_IRQHandler
                0x08006680                SPI1_IRQHandler
                0x08006680                TIM1_BRK_TIM9_IRQHandler
                0x08006680                DCMI_IRQHandler
                0x08006680                CAN2_RX0_IRQHandler
                0x08006680                USART6_IRQHandler
                0x08006680                USART3_IRQHandler
                0x08006680                CAN1_RX1_IRQHandler
                0x08006680                UART5_IRQHandler
                0x08006680                DMA2_Stream0_IRQHandler
                0x08006680                TIM4_IRQHandler
                0x08006680                QUADSPI_IRQHandler
                0x08006680                I2C1_EV_IRQHandler
                0x08006680                DMA1_Stream6_IRQHandler
                0x08006680                DMA1_Stream1_IRQHandler
                0x08006680                UART4_IRQHandler
                0x08006680                TIM3_IRQHandler
                0x08006680                RCC_IRQHandler
                0x08006680                TIM8_BRK_TIM12_IRQHandler
                0x08006680                Default_Handler
                0x08006680                EXTI15_10_IRQHandler
                0x08006680                ADC_IRQHandler
                0x08006680                DMA1_Stream7_IRQHandler
                0x08006680                SPI5_IRQHandler
                0x08006680                TIM7_IRQHandler
                0x08006680                CAN2_TX_IRQHandler
                0x08006680                TIM5_IRQHandler
                0x08006680                DMA2_Stream7_IRQHandler
                0x08006680                I2C3_EV_IRQHandler
                0x08006680                EXTI9_5_IRQHandler
                0x08006680                RTC_WKUP_IRQHandler
                0x08006680                LTDC_IRQHandler
                0x08006680                ETH_WKUP_IRQHandler
                0x08006680                SPI2_IRQHandler
                0x08006680                OTG_HS_EP1_IN_IRQHandler
                0x08006680                DMA1_Stream0_IRQHandler
                0x08006680                CAN1_TX_IRQHandler
                0x08006680                EXTI4_IRQHandler
                0x08006680                DSI_IRQHandler
                0x08006680                ETH_IRQHandler
                0x08006680                OTG_HS_EP1_OUT_IRQHandler
                0x08006680                WWDG_IRQHandler
                0x08006680                SPI6_IRQHandler
                0x08006680                TIM2_IRQHandler
                0x08006680                OTG_FS_WKUP_IRQHandler
                0x08006680                TIM1_TRG_COM_TIM11_IRQHandler
                0x08006680                OTG_HS_IRQHandler
                0x08006680                DMA2D_IRQHandler
                0x08006680                EXTI1_IRQHandler
                0x08006680                UART7_IRQHandler
                0x08006680                USART2_IRQHandler
                0x08006680                I2C2_ER_IRQHandler
                0x08006680                DMA2_Stream1_IRQHandler
                0x08006680                CAN1_SCE_IRQHandler
                0x08006680                FLASH_IRQHandler
                0x08006680                DMA2_Stream4_IRQHandler
                0x08006680                USART1_IRQHandler
                0x08006680                OTG_FS_IRQHandler
                0x08006680                SPI3_IRQHandler
                0x08006680                DMA1_Stream4_IRQHandler
                0x08006680                I2C1_ER_IRQHandler
                0x08006680                FMC_IRQHandler
                0x08006680                SAI1_IRQHandler
                0x08006680                DMA1_Stream3_IRQHandler
 *fill*         0x08006682        0x2 
 .text.__libc_init_array
                0x08006684       0x48 d:/truestudio for stm32 9.3.0/armtools/bin/../lib/gcc/arm-atollic-eabi/6.3.1/../../../../arm-atollic-eabi/lib/armv7e-m/fpu\libc_nano.a(lib_a-init.o)
                0x08006684                __libc_init_array
 .text.memcpy   0x080066cc       0x16 d:/truestudio for stm32 9.3.0/armtools/bin/../lib/gcc/arm-atollic-eabi/6.3.1/../../../../arm-atollic-eabi/lib/armv7e-m/fpu\libc_nano.a(lib_a-memcpy-stub.o)
                0x080066cc                memcpy
 .text.memset   0x080066e2       0x10 d:/truestudio for stm32 9.3.0/armtools/bin/../lib/gcc/arm-atollic-eabi/6.3.1/../../../../arm-atollic-eabi/lib/armv7e-m/fpu\libc_nano.a(lib_a-memset.o)
                0x080066e2                memset
 *(.glue_7)
 .glue_7        0x080066f2        0x0 linker stubs
 *(.glue_7t)
 .glue_7t       0x080066f2        0x0 linker stubs
 *(.eh_frame)
 *fill*         0x080066f2        0x2 
 .eh_frame      0x080066f4        0x0 d:/truestudio for stm32 9.3.0/armtools/bin/../lib/gcc/arm-atollic-eabi/6.3.1/armv7e-m/fpu/crtbegin.o
 *(.init)
 .init          0x080066f4        0x4 d:/truestudio for stm32 9.3.0/armtools/bin/../lib/gcc/arm-atollic-eabi/6.3.1/armv7e-m/fpu/crti.o
                0x080066f4                _init
 .init          0x080066f8        0x8 d:/truestudio for stm32 9.3.0/armtools/bin/../lib/gcc/arm-atollic-eabi/6.3.1/armv7e-m/fpu/crtn.o
 *(.fini)
 .fini          0x08006700        0x4 d:/truestudio for stm32 9.3.0/armtools/bin/../lib/gcc/arm-atollic-eabi/6.3.1/armv7e-m/fpu/crti.o
                0x08006700                _fini
 .fini          0x08006704        0x8 d:/truestudio for stm32 9.3.0/armtools/bin/../lib/gcc/arm-atollic-eabi/6.3.1/armv7e-m/fpu/crtn.o
                0x0800670c                . = ALIGN (0x4)
                0x0800670c                _etext = .

.vfp11_veneer   0x0800670c        0x0
 .vfp11_veneer  0x0800670c        0x0 linker stubs

.v4_bx          0x0800670c        0x0
 .v4_bx         0x0800670c        0x0 linker stubs

.iplt           0x0800670c        0x0
 .iplt          0x0800670c        0x0 d:/truestudio for stm32 9.3.0/armtools/bin/../lib/gcc/arm-atollic-eabi/6.3.1/armv7e-m/fpu/crtbegin.o

.rodata         0x0800670c      0x108
                0x0800670c                . = ALIGN (0x4)
 *(.rodata)
 .rodata        0x0800670c       0x1c Src\main.o
 .rodata        0x08006728       0x10 Src\sd_diskio.o
 *(.rodata*)
 .rodata.flagBitshiftOffset.8396
                0x08006738        0x8 Drivers\STM32F4xx_HAL_Driver\Src\stm32f4xx_hal_dma.o
 .rodata.ExCvt  0x08006740       0x80 Middlewares\Third_Party\FatFs\src\ff.o
 .rodata.follow_path.str1.1
                0x080067c0        0xf Middlewares\Third_Party\FatFs\src\ff.o
 .rodata.vTaskStartScheduler.str1.1
                0x080067cf        0x5 Middlewares\Third_Party\FreeRTOS\Source\tasks.o
 .rodata.flash_download.str1.1
                0x080067d4        0x8 Src\fatfs.o
                                  0x9 (size before relaxing)
 .rodata.str1.1
                0x080067dc        0xc Src\main.o
 .rodata.SD_Driver
                0x080067e8       0x14 Src\sd_diskio.o
                0x080067e8                SD_Driver
 .rodata.AHBPrescTable
                0x080067fc       0x10 Src\system_stm32f4xx.o
                0x080067fc                AHBPrescTable
 .rodata.APBPrescTable
                0x0800680c        0x8 Src\system_stm32f4xx.o
                0x0800680c                APBPrescTable
                0x08006814                . = ALIGN (0x4)

.ARM.extab
 *(.ARM.extab* .gnu.linkonce.armextab.*)

.ARM            0x08006814        0x8
                0x08006814                __exidx_start = .
 *(.ARM.exidx*)
 .ARM.exidx     0x08006814        0x8 d:/truestudio for stm32 9.3.0/armtools/bin/../lib/gcc/arm-atollic-eabi/6.3.1/armv7e-m/fpu\libgcc.a(_udivmoddi4.o)
                0x0800681c                __exidx_end = .

.rel.dyn        0x0800681c        0x0
 .rel.iplt      0x0800681c        0x0 d:/truestudio for stm32 9.3.0/armtools/bin/../lib/gcc/arm-atollic-eabi/6.3.1/armv7e-m/fpu/crtbegin.o

.preinit_array  0x0800681c        0x0
                0x0800681c                PROVIDE (__preinit_array_start, .)
 *(.preinit_array*)
                0x0800681c                PROVIDE (__preinit_array_end, .)

.init_array     0x0800681c        0x4
                0x0800681c                PROVIDE (__init_array_start, .)
 *(SORT(.init_array.*))
 *(.init_array*)
 .init_array    0x0800681c        0x4 d:/truestudio for stm32 9.3.0/armtools/bin/../lib/gcc/arm-atollic-eabi/6.3.1/armv7e-m/fpu/crtbegin.o
                0x08006820                PROVIDE (__init_array_end, .)

.fini_array     0x08006820        0x4
                [!provide]                PROVIDE (__fini_array_start, .)
 *(SORT(.fini_array.*))
 *(.fini_array*)
 .fini_array    0x08006820        0x4 d:/truestudio for stm32 9.3.0/armtools/bin/../lib/gcc/arm-atollic-eabi/6.3.1/armv7e-m/fpu/crtbegin.o
                [!provide]                PROVIDE (__fini_array_end, .)
                0x08006824                _sidata = LOADADDR (.data)

.data           0x20000000       0x10 load address 0x08006824
                0x20000000                . = ALIGN (0x4)
                0x20000000                _sdata = .
 *(.data)
 *(.data*)
 .data.uwTickFreq
                0x20000000        0x1 Drivers\STM32F4xx_HAL_Driver\Src\stm32f4xx_hal.o
                0x20000000                uwTickFreq
 *fill*         0x20000001        0x3 
 .data.uxCriticalNesting
                0x20000004        0x4 Middlewares\Third_Party\FreeRTOS\Source\portable\GCC\ARM_CM4F\port.o
 .data.Stat     0x20000008        0x1 Src\sd_diskio.o
 *fill*         0x20000009        0x3 
 .data.SystemCoreClock
                0x2000000c        0x4 Src\system_stm32f4xx.o
                0x2000000c                SystemCoreClock
                0x20000010                . = ALIGN (0x4)
                0x20000010                _edata = .
                0x08006834                _siccmram = LOADADDR (.ccmram)

.igot.plt       0x20000010        0x0 load address 0x08006834
 .igot.plt      0x20000010        0x0 d:/truestudio for stm32 9.3.0/armtools/bin/../lib/gcc/arm-atollic-eabi/6.3.1/armv7e-m/fpu/crtbegin.o

.ccmram         0x10000000        0x0 load address 0x08006834
                0x10000000                . = ALIGN (0x4)
                0x10000000                _sccmram = .
 *(.ccmram)
 *(.ccmram*)
                0x10000000                . = ALIGN (0x4)
                0x10000000                _eccmram = .
                0x10000000                . = ALIGN (0x4)

.bss            0x20000010     0xe474
                0x20000010                _sbss = .
                0x20000010                __bss_start__ = _sbss
 *(.bss)
 .bss           0x20000010       0x1c d:/truestudio for stm32 9.3.0/armtools/bin/../lib/gcc/arm-atollic-eabi/6.3.1/armv7e-m/fpu/crtbegin.o
 *(.bss*)
 .bss.FatFs     0x2000002c        0x4 Middlewares\Third_Party\FatFs\src\ff.o
 .bss.Files     0x20000030       0x20 Middlewares\Third_Party\FatFs\src\ff.o
 .bss.Fsid      0x20000050        0x2 Middlewares\Third_Party\FatFs\src\ff.o
 *fill*         0x20000052        0x2 
 .bss.disk      0x20000054        0xc Middlewares\Third_Party\FatFs\src\ff_gen_drv.o
                0x20000054                disk
 .bss.ucMaxSysCallPriority
                0x20000060        0x1 Middlewares\Third_Party\FreeRTOS\Source\portable\GCC\ARM_CM4F\port.o
 *fill*         0x20000061        0x3 
 .bss.ulMaxPRIGROUPValue
                0x20000064        0x4 Middlewares\Third_Party\FreeRTOS\Source\portable\GCC\ARM_CM4F\port.o
 .bss.pxEnd     0x20000068        0x4 Middlewares\Third_Party\FreeRTOS\Source\portable\MemMang\heap_4.o
 .bss.ucHeap    0x2000006c     0x3c00 Middlewares\Third_Party\FreeRTOS\Source\portable\MemMang\heap_4.o
 .bss.xBlockAllocatedBit
                0x20003c6c        0x4 Middlewares\Third_Party\FreeRTOS\Source\portable\MemMang\heap_4.o
 .bss.xFreeBytesRemaining
                0x20003c70        0x4 Middlewares\Third_Party\FreeRTOS\Source\portable\MemMang\heap_4.o
 .bss.xMinimumEverFreeBytesRemaining
                0x20003c74        0x4 Middlewares\Third_Party\FreeRTOS\Source\portable\MemMang\heap_4.o
 .bss.xStart    0x20003c78        0x8 Middlewares\Third_Party\FreeRTOS\Source\portable\MemMang\heap_4.o
 .bss.pxCurrentTCB
                0x20003c80        0x4 Middlewares\Third_Party\FreeRTOS\Source\tasks.o
                0x20003c80                pxCurrentTCB
 .bss.pxDelayedTaskList
                0x20003c84        0x4 Middlewares\Third_Party\FreeRTOS\Source\tasks.o
 .bss.pxOverflowDelayedTaskList
                0x20003c88        0x4 Middlewares\Third_Party\FreeRTOS\Source\tasks.o
 .bss.pxReadyTasksLists
                0x20003c8c       0x8c Middlewares\Third_Party\FreeRTOS\Source\tasks.o
 .bss.uxCurrentNumberOfTasks
                0x20003d18        0x4 Middlewares\Third_Party\FreeRTOS\Source\tasks.o
 .bss.uxDeletedTasksWaitingCleanUp
                0x20003d1c        0x4 Middlewares\Third_Party\FreeRTOS\Source\tasks.o
 .bss.uxPendedTicks
                0x20003d20        0x4 Middlewares\Third_Party\FreeRTOS\Source\tasks.o
 .bss.uxSchedulerSuspended
                0x20003d24        0x4 Middlewares\Third_Party\FreeRTOS\Source\tasks.o
 .bss.uxTaskNumber
                0x20003d28        0x4 Middlewares\Third_Party\FreeRTOS\Source\tasks.o
 .bss.uxTopReadyPriority
                0x20003d2c        0x4 Middlewares\Third_Party\FreeRTOS\Source\tasks.o
 .bss.xDelayedTaskList1
                0x20003d30       0x14 Middlewares\Third_Party\FreeRTOS\Source\tasks.o
 .bss.xDelayedTaskList2
                0x20003d44       0x14 Middlewares\Third_Party\FreeRTOS\Source\tasks.o
 .bss.xNextTaskUnblockTime
                0x20003d58        0x4 Middlewares\Third_Party\FreeRTOS\Source\tasks.o
 .bss.xNumOfOverflows
                0x20003d5c        0x4 Middlewares\Third_Party\FreeRTOS\Source\tasks.o
 .bss.xPendingReadyList
                0x20003d60       0x14 Middlewares\Third_Party\FreeRTOS\Source\tasks.o
 .bss.xSchedulerRunning
                0x20003d74        0x4 Middlewares\Third_Party\FreeRTOS\Source\tasks.o
 .bss.xSuspendedTaskList
                0x20003d78       0x14 Middlewares\Third_Party\FreeRTOS\Source\tasks.o
 .bss.xTasksWaitingTermination
                0x20003d8c       0x14 Middlewares\Third_Party\FreeRTOS\Source\tasks.o
 .bss.xTickCount
                0x20003da0        0x4 Middlewares\Third_Party\FreeRTOS\Source\tasks.o
 .bss.xYieldPending
                0x20003da4        0x4 Middlewares\Third_Party\FreeRTOS\Source\tasks.o
 .bss.RAM_Buf   0x20003da8     0x8000 Src\fatfs.o
 .bss.FLASH_EraseInitStruct
                0x2000bda8       0x14 Src\flash_if.o
 .bss.FirstSector
                0x2000bdbc        0x4 Src\flash_if.o
                0x2000bdbc                FirstSector
 .bss.NbOfSectors
                0x2000bdc0        0x4 Src\flash_if.o
                0x2000bdc0                NbOfSectors
 .bss.SectorError
                0x2000bdc4        0x4 Src\flash_if.o
                0x2000bdc4                SectorError
 .bss.xIdleStack
                0x2000bdc8      0x200 Src\freertos.o
 .bss.xIdleTaskTCBBuffer
                0x2000bfc8       0x54 Src\freertos.o
 .bss.SDQueueID
                0x2000c01c        0x4 Src\sd_diskio.o
 .bss.scratch   0x2000c020      0x200 Src\sd_diskio.o
 *(COMMON)
 COMMON         0x2000c220        0x4 Drivers\STM32F4xx_HAL_Driver\Src\stm32f4xx_hal.o
                0x2000c220                uwTick
 COMMON         0x2000c224       0x20 Drivers\STM32F4xx_HAL_Driver\Src\stm32f4xx_hal_flash.o
                0x2000c224                pFlash
 COMMON         0x2000c244       0x40 Middlewares\Third_Party\FreeRTOS\Source\queue.o
                0x2000c244                xQueueRegistry
 COMMON         0x2000c284     0x2078 Src\fatfs.o
                0x2000c284                retSD
                0x2000c288                JumpAddress
                0x2000c28c                Jump_To_Application
                0x2000c290                SDPath
                0x2000c294                SDFile
                0x2000d2c4                SDFatFS
 COMMON         0x2000e2fc      0x148 Src\main.o
                0x2000e2fc                hdma_sdio_rx
                0x2000e35c                defaultTaskHandle
                0x2000e360                hdma_sdio_tx
                0x2000e3c0                hsd
 COMMON         0x2000e444       0x40 Src\stm32f4xx_hal_timebase_tim.o
                0x2000e444                htim6
                0x2000e484                . = ALIGN (0x4)
                0x2000e484                _ebss = .
                0x2000e484                __bss_end__ = _ebss

._user_heap_stack
                0x2000e484      0x600
                0x2000e484                . = ALIGN (0x4)
                0x2000e484                PROVIDE (end, .)
                [!provide]                PROVIDE (_end, .)
                0x2000e684                . = (. + _Min_Heap_Size)
 *fill*         0x2000e484      0x200 
                0x2000ea84                . = (. + _Min_Stack_Size)
 *fill*         0x2000e684      0x400 
                0x2000ea84                . = ALIGN (0x4)

/DISCARD/
 libc.a(*)
 libm.a(*)
 libgcc.a(*)

.ARM.attributes
                0x00000000       0x30
 *(.ARM.attributes)
 .ARM.attributes
                0x00000000       0x22 d:/truestudio for stm32 9.3.0/armtools/bin/../lib/gcc/arm-atollic-eabi/6.3.1/armv7e-m/fpu/crti.o
 .ARM.attributes
                0x00000022       0x34 d:/truestudio for stm32 9.3.0/armtools/bin/../lib/gcc/arm-atollic-eabi/6.3.1/armv7e-m/fpu/crtbegin.o
 .ARM.attributes
                0x00000056       0x39 Drivers\STM32F4xx_HAL_Driver\Src\stm32f4xx_hal.o
 .ARM.attributes
                0x0000008f       0x39 Drivers\STM32F4xx_HAL_Driver\Src\stm32f4xx_hal_cortex.o
 .ARM.attributes
                0x000000c8       0x39 Drivers\STM32F4xx_HAL_Driver\Src\stm32f4xx_hal_dma.o
 .ARM.attributes
                0x00000101       0x39 Drivers\STM32F4xx_HAL_Driver\Src\stm32f4xx_hal_flash.o
 .ARM.attributes
                0x0000013a       0x39 Drivers\STM32F4xx_HAL_Driver\Src\stm32f4xx_hal_flash_ex.o
 .ARM.attributes
                0x00000173       0x39 Drivers\STM32F4xx_HAL_Driver\Src\stm32f4xx_hal_gpio.o
 .ARM.attributes
                0x000001ac       0x39 Drivers\STM32F4xx_HAL_Driver\Src\stm32f4xx_hal_pwr_ex.o
 .ARM.attributes
                0x000001e5       0x39 Drivers\STM32F4xx_HAL_Driver\Src\stm32f4xx_hal_rcc.o
 .ARM.attributes
                0x0000021e       0x39 Drivers\STM32F4xx_HAL_Driver\Src\stm32f4xx_hal_rcc_ex.o
 .ARM.attributes
                0x00000257       0x39 Drivers\STM32F4xx_HAL_Driver\Src\stm32f4xx_hal_sd.o
 .ARM.attributes
                0x00000290       0x39 Drivers\STM32F4xx_HAL_Driver\Src\stm32f4xx_hal_tim.o
 .ARM.attributes
                0x000002c9       0x39 Drivers\STM32F4xx_HAL_Driver\Src\stm32f4xx_hal_tim_ex.o
 .ARM.attributes
                0x00000302       0x39 Drivers\STM32F4xx_HAL_Driver\Src\stm32f4xx_ll_sdmmc.o
 .ARM.attributes
                0x0000033b       0x39 Middlewares\Third_Party\FatFs\src\diskio.o
 .ARM.attributes
                0x00000374       0x39 Middlewares\Third_Party\FatFs\src\ff.o
 .ARM.attributes
                0x000003ad       0x39 Middlewares\Third_Party\FatFs\src\ff_gen_drv.o
 .ARM.attributes
                0x000003e6       0x39 Middlewares\Third_Party\FatFs\src\option\syscall.o
 .ARM.attributes
                0x0000041f       0x39 Middlewares\Third_Party\FreeRTOS\Source\CMSIS_RTOS\cmsis_os.o
 .ARM.attributes
                0x00000458       0x39 Middlewares\Third_Party\FreeRTOS\Source\list.o
 .ARM.attributes
                0x00000491       0x39 Middlewares\Third_Party\FreeRTOS\Source\portable\GCC\ARM_CM4F\port.o
 .ARM.attributes
                0x000004ca       0x39 Middlewares\Third_Party\FreeRTOS\Source\portable\MemMang\heap_4.o
 .ARM.attributes
                0x00000503       0x39 Middlewares\Third_Party\FreeRTOS\Source\queue.o
 .ARM.attributes
                0x0000053c       0x39 Middlewares\Third_Party\FreeRTOS\Source\tasks.o
 .ARM.attributes
                0x00000575       0x39 Src\bsp_driver_sd.o
 .ARM.attributes
                0x000005ae       0x39 Src\fatfs.o
 .ARM.attributes
                0x000005e7       0x39 Src\flash_if.o
 .ARM.attributes
                0x00000620       0x39 Src\freertos.o
 .ARM.attributes
                0x00000659       0x39 Src\main.o
 .ARM.attributes
                0x00000692       0x39 Src\sd_diskio.o
 .ARM.attributes
                0x000006cb       0x39 Src\stm32f4xx_hal_msp.o
 .ARM.attributes
                0x00000704       0x39 Src\stm32f4xx_hal_timebase_tim.o
 .ARM.attributes
                0x0000073d       0x39 Src\stm32f4xx_it.o
 .ARM.attributes
                0x00000776       0x39 Src\system_stm32f4xx.o
 .ARM.attributes
                0x000007af       0x21 startup\startup_stm32f469xx.o
 .ARM.attributes
                0x000007d0       0x34 d:/truestudio for stm32 9.3.0/armtools/bin/../lib/gcc/arm-atollic-eabi/6.3.1/../../../../arm-atollic-eabi/lib/armv7e-m/fpu\libc_nano.a(lib_a-init.o)
 .ARM.attributes
                0x00000804       0x34 d:/truestudio for stm32 9.3.0/armtools/bin/../lib/gcc/arm-atollic-eabi/6.3.1/../../../../arm-atollic-eabi/lib/armv7e-m/fpu\libc_nano.a(lib_a-memcpy-stub.o)
 .ARM.attributes
                0x00000838       0x34 d:/truestudio for stm32 9.3.0/armtools/bin/../lib/gcc/arm-atollic-eabi/6.3.1/../../../../arm-atollic-eabi/lib/armv7e-m/fpu\libc_nano.a(lib_a-memset.o)
 .ARM.attributes
                0x0000086c       0x22 d:/truestudio for stm32 9.3.0/armtools/bin/../lib/gcc/arm-atollic-eabi/6.3.1/armv7e-m/fpu\libgcc.a(_aeabi_uldivmod.o)
 .ARM.attributes
                0x0000088e       0x34 d:/truestudio for stm32 9.3.0/armtools/bin/../lib/gcc/arm-atollic-eabi/6.3.1/armv7e-m/fpu\libgcc.a(_udivmoddi4.o)
 .ARM.attributes
                0x000008c2       0x22 d:/truestudio for stm32 9.3.0/armtools/bin/../lib/gcc/arm-atollic-eabi/6.3.1/armv7e-m/fpu\libgcc.a(_dvmd_tls.o)
 .ARM.attributes
                0x000008e4       0x22 d:/truestudio for stm32 9.3.0/armtools/bin/../lib/gcc/arm-atollic-eabi/6.3.1/armv7e-m/fpu/crtn.o
OUTPUT(stm32f469I-DISCO_boootloader.elf elf32-littlearm)

.debug_info     0x00000000    0x27c99
 .debug_info    0x00000000      0xa6f Drivers\STM32F4xx_HAL_Driver\Src\stm32f4xx_hal.o
 .debug_info    0x00000a6f      0xf7b Drivers\STM32F4xx_HAL_Driver\Src\stm32f4xx_hal_cortex.o
 .debug_info    0x000019ea      0xa4c Drivers\STM32F4xx_HAL_Driver\Src\stm32f4xx_hal_dma.o
 .debug_info    0x00002436      0x743 Drivers\STM32F4xx_HAL_Driver\Src\stm32f4xx_hal_flash.o
 .debug_info    0x00002b79      0xb7a Drivers\STM32F4xx_HAL_Driver\Src\stm32f4xx_hal_flash_ex.o
 .debug_info    0x000036f3      0x78f Drivers\STM32F4xx_HAL_Driver\Src\stm32f4xx_hal_gpio.o
 .debug_info    0x00003e82      0x7a9 Drivers\STM32F4xx_HAL_Driver\Src\stm32f4xx_hal_pwr_ex.o
 .debug_info    0x0000462b      0xa7d Drivers\STM32F4xx_HAL_Driver\Src\stm32f4xx_hal_rcc.o
 .debug_info    0x000050a8      0xab0 Drivers\STM32F4xx_HAL_Driver\Src\stm32f4xx_hal_rcc_ex.o
 .debug_info    0x00005b58     0x2292 Drivers\STM32F4xx_HAL_Driver\Src\stm32f4xx_hal_sd.o
 .debug_info    0x00007dea     0x34cf Drivers\STM32F4xx_HAL_Driver\Src\stm32f4xx_hal_tim.o
 .debug_info    0x0000b2b9     0x12fe Drivers\STM32F4xx_HAL_Driver\Src\stm32f4xx_hal_tim_ex.o
 .debug_info    0x0000c5b7     0x16d3 Drivers\STM32F4xx_HAL_Driver\Src\stm32f4xx_ll_sdmmc.o
 .debug_info    0x0000dc8a      0xcc9 Middlewares\Third_Party\FatFs\src\diskio.o
 .debug_info    0x0000e953     0x5310 Middlewares\Third_Party\FatFs\src\ff.o
 .debug_info    0x00013c63      0xcff Middlewares\Third_Party\FatFs\src\ff_gen_drv.o
 .debug_info    0x00014962      0xceb Middlewares\Third_Party\FatFs\src\option\syscall.o
 .debug_info    0x0001564d     0x293d Middlewares\Third_Party\FreeRTOS\Source\CMSIS_RTOS\cmsis_os.o
 .debug_info    0x00017f8a      0xac5 Middlewares\Third_Party\FreeRTOS\Source\list.o
 .debug_info    0x00018a4f      0x572 Middlewares\Third_Party\FreeRTOS\Source\portable\GCC\ARM_CM4F\port.o
 .debug_info    0x00018fc1      0xca5 Middlewares\Third_Party\FreeRTOS\Source\portable\MemMang\heap_4.o
 .debug_info    0x00019c66     0x2848 Middlewares\Third_Party\FreeRTOS\Source\queue.o
 .debug_info    0x0001c4ae     0x2e2d Middlewares\Third_Party\FreeRTOS\Source\tasks.o
 .debug_info    0x0001f2db      0xc5e Src\bsp_driver_sd.o
 .debug_info    0x0001ff39     0x1357 Src\fatfs.o
 .debug_info    0x00021290      0x43a Src\flash_if.o
 .debug_info    0x000216ca      0x2ed Src\freertos.o
 .debug_info    0x000219b7     0x2415 Src\main.o
 .debug_info    0x00023dcc     0x142b Src\sd_diskio.o
 .debug_info    0x000251f7      0xea8 Src\stm32f4xx_hal_msp.o
 .debug_info    0x0002609f      0xbfe Src\stm32f4xx_hal_timebase_tim.o
 .debug_info    0x00026c9d      0xa5c Src\stm32f4xx_it.o
 .debug_info    0x000276f9      0x524 Src\system_stm32f4xx.o
 .debug_info    0x00027c1d       0x7c startup\startup_stm32f469xx.o

.debug_abbrev   0x00000000     0x57cf
 .debug_abbrev  0x00000000      0x23d Drivers\STM32F4xx_HAL_Driver\Src\stm32f4xx_hal.o
 .debug_abbrev  0x0000023d      0x314 Drivers\STM32F4xx_HAL_Driver\Src\stm32f4xx_hal_cortex.o
 .debug_abbrev  0x00000551      0x2e8 Drivers\STM32F4xx_HAL_Driver\Src\stm32f4xx_hal_dma.o
 .debug_abbrev  0x00000839      0x2c9 Drivers\STM32F4xx_HAL_Driver\Src\stm32f4xx_hal_flash.o
 .debug_abbrev  0x00000b02      0x2e3 Drivers\STM32F4xx_HAL_Driver\Src\stm32f4xx_hal_flash_ex.o
 .debug_abbrev  0x00000de5      0x1ef Drivers\STM32F4xx_HAL_Driver\Src\stm32f4xx_hal_gpio.o
 .debug_abbrev  0x00000fd4      0x1be Drivers\STM32F4xx_HAL_Driver\Src\stm32f4xx_hal_pwr_ex.o
 .debug_abbrev  0x00001192      0x2cb Drivers\STM32F4xx_HAL_Driver\Src\stm32f4xx_hal_rcc.o
 .debug_abbrev  0x0000145d      0x1a8 Drivers\STM32F4xx_HAL_Driver\Src\stm32f4xx_hal_rcc_ex.o
 .debug_abbrev  0x00001605      0x35a Drivers\STM32F4xx_HAL_Driver\Src\stm32f4xx_hal_sd.o
 .debug_abbrev  0x0000195f      0x324 Drivers\STM32F4xx_HAL_Driver\Src\stm32f4xx_hal_tim.o
 .debug_abbrev  0x00001c83      0x29c Drivers\STM32F4xx_HAL_Driver\Src\stm32f4xx_hal_tim_ex.o
 .debug_abbrev  0x00001f1f      0x2ae Drivers\STM32F4xx_HAL_Driver\Src\stm32f4xx_ll_sdmmc.o
 .debug_abbrev  0x000021cd      0x23d Middlewares\Third_Party\FatFs\src\diskio.o
 .debug_abbrev  0x0000240a      0x40c Middlewares\Third_Party\FatFs\src\ff.o
 .debug_abbrev  0x00002816      0x2a5 Middlewares\Third_Party\FatFs\src\ff_gen_drv.o
 .debug_abbrev  0x00002abb      0x243 Middlewares\Third_Party\FatFs\src\option\syscall.o
 .debug_abbrev  0x00002cfe      0x457 Middlewares\Third_Party\FreeRTOS\Source\CMSIS_RTOS\cmsis_os.o
 .debug_abbrev  0x00003155      0x1ea Middlewares\Third_Party\FreeRTOS\Source\list.o
 .debug_abbrev  0x0000333f      0x23a Middlewares\Third_Party\FreeRTOS\Source\portable\GCC\ARM_CM4F\port.o
 .debug_abbrev  0x00003579      0x314 Middlewares\Third_Party\FreeRTOS\Source\portable\MemMang\heap_4.o
 .debug_abbrev  0x0000388d      0x404 Middlewares\Third_Party\FreeRTOS\Source\queue.o
 .debug_abbrev  0x00003c91      0x42a Middlewares\Third_Party\FreeRTOS\Source\tasks.o
 .debug_abbrev  0x000040bb      0x2c8 Src\bsp_driver_sd.o
 .debug_abbrev  0x00004383      0x347 Src\fatfs.o
 .debug_abbrev  0x000046ca      0x1be Src\flash_if.o
 .debug_abbrev  0x00004888       0xec Src\freertos.o
 .debug_abbrev  0x00004974      0x38e Src\main.o
 .debug_abbrev  0x00004d02      0x41e Src\sd_diskio.o
 .debug_abbrev  0x00005120      0x1e4 Src\stm32f4xx_hal_msp.o
 .debug_abbrev  0x00005304      0x1e7 Src\stm32f4xx_hal_timebase_tim.o
 .debug_abbrev  0x000054eb      0x1c4 Src\stm32f4xx_it.o
 .debug_abbrev  0x000056af      0x10e Src\system_stm32f4xx.o
 .debug_abbrev  0x000057bd       0x12 startup\startup_stm32f469xx.o

.debug_loc      0x00000000    0x12b1b
 .debug_loc     0x00000000      0x11b Drivers\STM32F4xx_HAL_Driver\Src\stm32f4xx_hal.o
 .debug_loc     0x0000011b      0x4fb Drivers\STM32F4xx_HAL_Driver\Src\stm32f4xx_hal_cortex.o
 .debug_loc     0x00000616      0x727 Drivers\STM32F4xx_HAL_Driver\Src\stm32f4xx_hal_dma.o
 .debug_loc     0x00000d3d      0x2d9 Drivers\STM32F4xx_HAL_Driver\Src\stm32f4xx_hal_flash.o
 .debug_loc     0x00001016      0x653 Drivers\STM32F4xx_HAL_Driver\Src\stm32f4xx_hal_flash_ex.o
 .debug_loc     0x00001669      0x36d Drivers\STM32F4xx_HAL_Driver\Src\stm32f4xx_hal_gpio.o
 .debug_loc     0x000019d6      0x15d Drivers\STM32F4xx_HAL_Driver\Src\stm32f4xx_hal_pwr_ex.o
 .debug_loc     0x00001b33      0x336 Drivers\STM32F4xx_HAL_Driver\Src\stm32f4xx_hal_rcc.o
 .debug_loc     0x00001e69      0x678 Drivers\STM32F4xx_HAL_Driver\Src\stm32f4xx_hal_rcc_ex.o
 .debug_loc     0x000024e1     0x1b70 Drivers\STM32F4xx_HAL_Driver\Src\stm32f4xx_hal_sd.o
 .debug_loc     0x00004051     0x3009 Drivers\STM32F4xx_HAL_Driver\Src\stm32f4xx_hal_tim.o
 .debug_loc     0x0000705a      0xa7c Drivers\STM32F4xx_HAL_Driver\Src\stm32f4xx_hal_tim_ex.o
 .debug_loc     0x00007ad6      0xedf Drivers\STM32F4xx_HAL_Driver\Src\stm32f4xx_ll_sdmmc.o
 .debug_loc     0x000089b5      0x1c6 Middlewares\Third_Party\FatFs\src\diskio.o
 .debug_loc     0x00008b7b     0x52b6 Middlewares\Third_Party\FatFs\src\ff.o
 .debug_loc     0x0000de31      0x216 Middlewares\Third_Party\FatFs\src\ff_gen_drv.o
 .debug_loc     0x0000e047       0xf5 Middlewares\Third_Party\FatFs\src\option\syscall.o
 .debug_loc     0x0000e13c     0x101b Middlewares\Third_Party\FreeRTOS\Source\CMSIS_RTOS\cmsis_os.o
 .debug_loc     0x0000f157       0x94 Middlewares\Third_Party\FreeRTOS\Source\list.o
 .debug_loc     0x0000f1eb       0xcf Middlewares\Third_Party\FreeRTOS\Source\portable\GCC\ARM_CM4F\port.o
 .debug_loc     0x0000f2ba      0x390 Middlewares\Third_Party\FreeRTOS\Source\portable\MemMang\heap_4.o
 .debug_loc     0x0000f64a     0x11de Middlewares\Third_Party\FreeRTOS\Source\queue.o
 .debug_loc     0x00010828     0x146e Middlewares\Third_Party\FreeRTOS\Source\tasks.o
 .debug_loc     0x00011c96      0x429 Src\bsp_driver_sd.o
 .debug_loc     0x000120bf      0x137 Src\fatfs.o
 .debug_loc     0x000121f6      0x223 Src\flash_if.o
 .debug_loc     0x00012419       0x4d Src\main.o
 .debug_loc     0x00012466      0x491 Src\sd_diskio.o
 .debug_loc     0x000128f7       0x63 Src\stm32f4xx_hal_msp.o
 .debug_loc     0x0001295a       0xa5 Src\stm32f4xx_hal_timebase_tim.o
 .debug_loc     0x000129ff      0x11c Src\system_stm32f4xx.o

.debug_aranges  0x00000000     0x1530
 .debug_aranges
                0x00000000       0xf8 Drivers\STM32F4xx_HAL_Driver\Src\stm32f4xx_hal.o
 .debug_aranges
                0x000000f8       0xa8 Drivers\STM32F4xx_HAL_Driver\Src\stm32f4xx_hal_cortex.o
 .debug_aranges
                0x000001a0       0x80 Drivers\STM32F4xx_HAL_Driver\Src\stm32f4xx_hal_dma.o
 .debug_aranges
                0x00000220       0x90 Drivers\STM32F4xx_HAL_Driver\Src\stm32f4xx_hal_flash.o
 .debug_aranges
                0x000002b0       0x78 Drivers\STM32F4xx_HAL_Driver\Src\stm32f4xx_hal_flash_ex.o
 .debug_aranges
                0x00000328       0x58 Drivers\STM32F4xx_HAL_Driver\Src\stm32f4xx_hal_gpio.o
 .debug_aranges
                0x00000380       0x60 Drivers\STM32F4xx_HAL_Driver\Src\stm32f4xx_hal_pwr_ex.o
 .debug_aranges
                0x000003e0       0x88 Drivers\STM32F4xx_HAL_Driver\Src\stm32f4xx_hal_rcc.o
 .debug_aranges
                0x00000468       0x70 Drivers\STM32F4xx_HAL_Driver\Src\stm32f4xx_hal_rcc_ex.o
 .debug_aranges
                0x000004d8       0xf8 Drivers\STM32F4xx_HAL_Driver\Src\stm32f4xx_hal_sd.o
 .debug_aranges
                0x000005d0      0x278 Drivers\STM32F4xx_HAL_Driver\Src\stm32f4xx_hal_tim.o
 .debug_aranges
                0x00000848       0xf8 Drivers\STM32F4xx_HAL_Driver\Src\stm32f4xx_hal_tim_ex.o
 .debug_aranges
                0x00000940      0x150 Drivers\STM32F4xx_HAL_Driver\Src\stm32f4xx_ll_sdmmc.o
 .debug_aranges
                0x00000a90       0x48 Middlewares\Third_Party\FatFs\src\diskio.o
 .debug_aranges
                0x00000ad8      0x1c0 Middlewares\Third_Party\FatFs\src\ff.o
 .debug_aranges
                0x00000c98       0x40 Middlewares\Third_Party\FatFs\src\ff_gen_drv.o
 .debug_aranges
                0x00000cd8       0x38 Middlewares\Third_Party\FatFs\src\option\syscall.o
 .debug_aranges
                0x00000d10      0x190 Middlewares\Third_Party\FreeRTOS\Source\CMSIS_RTOS\cmsis_os.o
 .debug_aranges
                0x00000ea0       0x40 Middlewares\Third_Party\FreeRTOS\Source\list.o
 .debug_aranges
                0x00000ee0       0x80 Middlewares\Third_Party\FreeRTOS\Source\portable\GCC\ARM_CM4F\port.o
 .debug_aranges
                0x00000f60       0x48 Middlewares\Third_Party\FreeRTOS\Source\portable\MemMang\heap_4.o
 .debug_aranges
                0x00000fa8       0xf0 Middlewares\Third_Party\FreeRTOS\Source\queue.o
 .debug_aranges
                0x00001098      0x198 Middlewares\Third_Party\FreeRTOS\Source\tasks.o
 .debug_aranges
                0x00001230       0xa8 Src\bsp_driver_sd.o
 .debug_aranges
                0x000012d8       0x48 Src\fatfs.o
 .debug_aranges
                0x00001320       0x40 Src\flash_if.o
 .debug_aranges
                0x00001360       0x20 Src\freertos.o
 .debug_aranges
                0x00001380       0x40 Src\main.o
 .debug_aranges
                0x000013c0       0x60 Src\sd_diskio.o
 .debug_aranges
                0x00001420       0x30 Src\stm32f4xx_hal_msp.o
 .debug_aranges
                0x00001450       0x30 Src\stm32f4xx_hal_timebase_tim.o
 .debug_aranges
                0x00001480       0x60 Src\stm32f4xx_it.o
 .debug_aranges
                0x000014e0       0x28 Src\system_stm32f4xx.o
 .debug_aranges
                0x00001508       0x28 startup\startup_stm32f469xx.o

.debug_ranges   0x00000000     0x1ea0
 .debug_ranges  0x00000000       0xe8 Drivers\STM32F4xx_HAL_Driver\Src\stm32f4xx_hal.o
 .debug_ranges  0x000000e8      0x128 Drivers\STM32F4xx_HAL_Driver\Src\stm32f4xx_hal_cortex.o
 .debug_ranges  0x00000210       0xc8 Drivers\STM32F4xx_HAL_Driver\Src\stm32f4xx_hal_dma.o
 .debug_ranges  0x000002d8       0xb0 Drivers\STM32F4xx_HAL_Driver\Src\stm32f4xx_hal_flash.o
 .debug_ranges  0x00000388      0x160 Drivers\STM32F4xx_HAL_Driver\Src\stm32f4xx_hal_flash_ex.o
 .debug_ranges  0x000004e8       0x68 Drivers\STM32F4xx_HAL_Driver\Src\stm32f4xx_hal_gpio.o
 .debug_ranges  0x00000550       0xb0 Drivers\STM32F4xx_HAL_Driver\Src\stm32f4xx_hal_pwr_ex.o
 .debug_ranges  0x00000600       0xb0 Drivers\STM32F4xx_HAL_Driver\Src\stm32f4xx_hal_rcc.o
 .debug_ranges  0x000006b0       0x78 Drivers\STM32F4xx_HAL_Driver\Src\stm32f4xx_hal_rcc_ex.o
 .debug_ranges  0x00000728      0x1f8 Drivers\STM32F4xx_HAL_Driver\Src\stm32f4xx_hal_sd.o
 .debug_ranges  0x00000920      0x340 Drivers\STM32F4xx_HAL_Driver\Src\stm32f4xx_hal_tim.o
 .debug_ranges  0x00000c60       0xe8 Drivers\STM32F4xx_HAL_Driver\Src\stm32f4xx_hal_tim_ex.o
 .debug_ranges  0x00000d48      0x1b8 Drivers\STM32F4xx_HAL_Driver\Src\stm32f4xx_ll_sdmmc.o
 .debug_ranges  0x00000f00       0x38 Middlewares\Third_Party\FatFs\src\diskio.o
 .debug_ranges  0x00000f38      0x440 Middlewares\Third_Party\FatFs\src\ff.o
 .debug_ranges  0x00001378       0x30 Middlewares\Third_Party\FatFs\src\ff_gen_drv.o
 .debug_ranges  0x000013a8       0x28 Middlewares\Third_Party\FatFs\src\option\syscall.o
 .debug_ranges  0x000013d0      0x180 Middlewares\Third_Party\FreeRTOS\Source\CMSIS_RTOS\cmsis_os.o
 .debug_ranges  0x00001550       0x30 Middlewares\Third_Party\FreeRTOS\Source\list.o
 .debug_ranges  0x00001580       0x70 Middlewares\Third_Party\FreeRTOS\Source\portable\GCC\ARM_CM4F\port.o
 .debug_ranges  0x000015f0       0x38 Middlewares\Third_Party\FreeRTOS\Source\portable\MemMang\heap_4.o
 .debug_ranges  0x00001628      0x220 Middlewares\Third_Party\FreeRTOS\Source\queue.o
 .debug_ranges  0x00001848      0x248 Middlewares\Third_Party\FreeRTOS\Source\tasks.o
 .debug_ranges  0x00001a90       0x98 Src\bsp_driver_sd.o
 .debug_ranges  0x00001b28       0x68 Src\fatfs.o
 .debug_ranges  0x00001b90       0x60 Src\flash_if.o
 .debug_ranges  0x00001bf0       0x10 Src\freertos.o
 .debug_ranges  0x00001c00       0xa8 Src\main.o
 .debug_ranges  0x00001ca8       0xc0 Src\sd_diskio.o
 .debug_ranges  0x00001d68       0x70 Src\stm32f4xx_hal_msp.o
 .debug_ranges  0x00001dd8       0x40 Src\stm32f4xx_hal_timebase_tim.o
 .debug_ranges  0x00001e18       0x50 Src\stm32f4xx_it.o
 .debug_ranges  0x00001e68       0x18 Src\system_stm32f4xx.o
 .debug_ranges  0x00001e80       0x20 startup\startup_stm32f469xx.o

.debug_line     0x00000000     0xb41d
 .debug_line    0x00000000      0x405 Drivers\STM32F4xx_HAL_Driver\Src\stm32f4xx_hal.o
 .debug_line    0x00000405      0x41e Drivers\STM32F4xx_HAL_Driver\Src\stm32f4xx_hal_cortex.o
 .debug_line    0x00000823      0x537 Drivers\STM32F4xx_HAL_Driver\Src\stm32f4xx_hal_dma.o
 .debug_line    0x00000d5a      0x412 Drivers\STM32F4xx_HAL_Driver\Src\stm32f4xx_hal_flash.o
 .debug_line    0x0000116c      0x4bb Drivers\STM32F4xx_HAL_Driver\Src\stm32f4xx_hal_flash_ex.o
 .debug_line    0x00001627      0x3c0 Drivers\STM32F4xx_HAL_Driver\Src\stm32f4xx_hal_gpio.o
 .debug_line    0x000019e7      0x2fc Drivers\STM32F4xx_HAL_Driver\Src\stm32f4xx_hal_pwr_ex.o
 .debug_line    0x00001ce3      0x4bc Drivers\STM32F4xx_HAL_Driver\Src\stm32f4xx_hal_rcc.o
 .debug_line    0x0000219f      0x580 Drivers\STM32F4xx_HAL_Driver\Src\stm32f4xx_hal_rcc_ex.o
 .debug_line    0x0000271f      0x9c9 Drivers\STM32F4xx_HAL_Driver\Src\stm32f4xx_hal_sd.o
 .debug_line    0x000030e8     0x114b Drivers\STM32F4xx_HAL_Driver\Src\stm32f4xx_hal_tim.o
 .debug_line    0x00004233      0x645 Drivers\STM32F4xx_HAL_Driver\Src\stm32f4xx_hal_tim_ex.o
 .debug_line    0x00004878      0x6c2 Drivers\STM32F4xx_HAL_Driver\Src\stm32f4xx_ll_sdmmc.o
 .debug_line    0x00004f3a      0x2c6 Middlewares\Third_Party\FatFs\src\diskio.o
 .debug_line    0x00005200     0x13e1 Middlewares\Third_Party\FatFs\src\ff.o
 .debug_line    0x000065e1      0x2cd Middlewares\Third_Party\FatFs\src\ff_gen_drv.o
 .debug_line    0x000068ae      0x3a7 Middlewares\Third_Party\FatFs\src\option\syscall.o
 .debug_line    0x00006c55      0x8a4 Middlewares\Third_Party\FreeRTOS\Source\CMSIS_RTOS\cmsis_os.o
 .debug_line    0x000074f9      0x2f7 Middlewares\Third_Party\FreeRTOS\Source\list.o
 .debug_line    0x000077f0      0x333 Middlewares\Third_Party\FreeRTOS\Source\portable\GCC\ARM_CM4F\port.o
 .debug_line    0x00007b23      0x3a5 Middlewares\Third_Party\FreeRTOS\Source\portable\MemMang\heap_4.o
 .debug_line    0x00007ec8      0x93b Middlewares\Third_Party\FreeRTOS\Source\queue.o
 .debug_line    0x00008803      0xc07 Middlewares\Third_Party\FreeRTOS\Source\tasks.o
 .debug_line    0x0000940a      0x32d Src\bsp_driver_sd.o
 .debug_line    0x00009737      0x441 Src\fatfs.o
 .debug_line    0x00009b78      0x26a Src\flash_if.o
 .debug_line    0x00009de2      0x207 Src\freertos.o
 .debug_line    0x00009fe9      0x575 Src\main.o
 .debug_line    0x0000a55e      0x4e2 Src\sd_diskio.o
 .debug_line    0x0000aa40      0x2d7 Src\stm32f4xx_hal_msp.o
 .debug_line    0x0000ad17      0x258 Src\stm32f4xx_hal_timebase_tim.o
 .debug_line    0x0000af6f      0x289 Src\stm32f4xx_it.o
 .debug_line    0x0000b1f8      0x1a6 Src\system_stm32f4xx.o
 .debug_line    0x0000b39e       0x7f startup\startup_stm32f469xx.o

.debug_str      0x00000000     0x79e1
 .debug_str     0x00000000      0xc13 Drivers\STM32F4xx_HAL_Driver\Src\stm32f4xx_hal.o
                                0xc81 (size before relaxing)
 .debug_str     0x00000c13      0x498 Drivers\STM32F4xx_HAL_Driver\Src\stm32f4xx_hal_cortex.o
                                0xcfe (size before relaxing)
 .debug_str     0x000010ab      0x51d Drivers\STM32F4xx_HAL_Driver\Src\stm32f4xx_hal_dma.o
                                0x7d0 (size before relaxing)
 .debug_str     0x000015c8      0x2b9 Drivers\STM32F4xx_HAL_Driver\Src\stm32f4xx_hal_flash.o
                                0x5ae (size before relaxing)
 .debug_str     0x00001881      0x352 Drivers\STM32F4xx_HAL_Driver\Src\stm32f4xx_hal_flash_ex.o
                                0x73b (size before relaxing)
 .debug_str     0x00001bd3      0x1d3 Drivers\STM32F4xx_HAL_Driver\Src\stm32f4xx_hal_gpio.o
                                0x55d (size before relaxing)
 .debug_str     0x00001da6      0x164 Drivers\STM32F4xx_HAL_Driver\Src\stm32f4xx_hal_pwr_ex.o
                                0x548 (size before relaxing)
 .debug_str     0x00001f0a      0x2d7 Drivers\STM32F4xx_HAL_Driver\Src\stm32f4xx_hal_rcc.o
                                0x735 (size before relaxing)
 .debug_str     0x000021e1      0x272 Drivers\STM32F4xx_HAL_Driver\Src\stm32f4xx_hal_rcc_ex.o
                                0x721 (size before relaxing)
 .debug_str     0x00002453      0xc28 Drivers\STM32F4xx_HAL_Driver\Src\stm32f4xx_hal_sd.o
                               0x11d2 (size before relaxing)
 .debug_str     0x0000307b      0xff0 Drivers\STM32F4xx_HAL_Driver\Src\stm32f4xx_hal_tim.o
                               0x1527 (size before relaxing)
 .debug_str     0x0000406b      0x548 Drivers\STM32F4xx_HAL_Driver\Src\stm32f4xx_hal_tim_ex.o
                                0xd3f (size before relaxing)
 .debug_str     0x000045b3      0x1fc Drivers\STM32F4xx_HAL_Driver\Src\stm32f4xx_ll_sdmmc.o
                                0x831 (size before relaxing)
 .debug_str     0x000047af      0x4d1 Middlewares\Third_Party\FatFs\src\diskio.o
                                0x74c (size before relaxing)
 .debug_str     0x00004c80      0x638 Middlewares\Third_Party\FatFs\src\ff.o
                                0xd57 (size before relaxing)
 .debug_str     0x000052b8       0xa2 Middlewares\Third_Party\FatFs\src\ff_gen_drv.o
                                0x79d (size before relaxing)
 .debug_str     0x0000535a      0x28e Middlewares\Third_Party\FatFs\src\option\syscall.o
                                0x939 (size before relaxing)
 .debug_str     0x000055e8      0xaf2 Middlewares\Third_Party\FreeRTOS\Source\CMSIS_RTOS\cmsis_os.o
                               0x144e (size before relaxing)
 .debug_str     0x000060da      0x139 Middlewares\Third_Party\FreeRTOS\Source\list.o
                                0x757 (size before relaxing)
 .debug_str     0x00006213      0x239 Middlewares\Third_Party\FreeRTOS\Source\portable\GCC\ARM_CM4F\port.o
                                0x49d (size before relaxing)
 .debug_str     0x0000644c      0x1e8 Middlewares\Third_Party\FreeRTOS\Source\portable\MemMang\heap_4.o
                                0x840 (size before relaxing)
 .debug_str     0x00006634      0x52c Middlewares\Third_Party\FreeRTOS\Source\queue.o
                                0xf18 (size before relaxing)
 .debug_str     0x00006b60      0x780 Middlewares\Third_Party\FreeRTOS\Source\tasks.o
                               0x142b (size before relaxing)
 .debug_str     0x000072e0      0x1b5 Src\bsp_driver_sd.o
                                0xa89 (size before relaxing)
 .debug_str     0x00007495      0x158 Src\fatfs.o
                                0xb57 (size before relaxing)
 .debug_str     0x000075ed       0xaf Src\flash_if.o
                                0x452 (size before relaxing)
 .debug_str     0x0000769c       0x5e Src\freertos.o
                                0x374 (size before relaxing)
 .debug_str     0x000076fa       0xca Src\main.o
                               0x1bbd (size before relaxing)
 .debug_str     0x000077c4       0x9e Src\sd_diskio.o
                                0xb64 (size before relaxing)
 .debug_str     0x00007862       0x1b Src\stm32f4xx_hal_msp.o
                                0xeaf (size before relaxing)
 .debug_str     0x0000787d       0x50 Src\stm32f4xx_hal_timebase_tim.o
                                0xe42 (size before relaxing)
 .debug_str     0x000078cd       0xcf Src\stm32f4xx_it.o
                                0x9b6 (size before relaxing)
 .debug_str     0x0000799c       0x45 Src\system_stm32f4xx.o
                                0x3c1 (size before relaxing)

.comment        0x00000000       0x7c
 .comment       0x00000000       0x7c Drivers\STM32F4xx_HAL_Driver\Src\stm32f4xx_hal.o
                                 0x7d (size before relaxing)
 .comment       0x0000007c       0x7d Drivers\STM32F4xx_HAL_Driver\Src\stm32f4xx_hal_cortex.o
 .comment       0x0000007c       0x7d Drivers\STM32F4xx_HAL_Driver\Src\stm32f4xx_hal_dma.o
 .comment       0x0000007c       0x7d Drivers\STM32F4xx_HAL_Driver\Src\stm32f4xx_hal_flash.o
 .comment       0x0000007c       0x7d Drivers\STM32F4xx_HAL_Driver\Src\stm32f4xx_hal_flash_ex.o
 .comment       0x0000007c       0x7d Drivers\STM32F4xx_HAL_Driver\Src\stm32f4xx_hal_gpio.o
 .comment       0x0000007c       0x7d Drivers\STM32F4xx_HAL_Driver\Src\stm32f4xx_hal_pwr_ex.o
 .comment       0x0000007c       0x7d Drivers\STM32F4xx_HAL_Driver\Src\stm32f4xx_hal_rcc.o
 .comment       0x0000007c       0x7d Drivers\STM32F4xx_HAL_Driver\Src\stm32f4xx_hal_rcc_ex.o
 .comment       0x0000007c       0x7d Drivers\STM32F4xx_HAL_Driver\Src\stm32f4xx_hal_sd.o
 .comment       0x0000007c       0x7d Drivers\STM32F4xx_HAL_Driver\Src\stm32f4xx_hal_tim.o
 .comment       0x0000007c       0x7d Drivers\STM32F4xx_HAL_Driver\Src\stm32f4xx_hal_tim_ex.o
 .comment       0x0000007c       0x7d Drivers\STM32F4xx_HAL_Driver\Src\stm32f4xx_ll_sdmmc.o
 .comment       0x0000007c       0x7d Middlewares\Third_Party\FatFs\src\diskio.o
 .comment       0x0000007c       0x7d Middlewares\Third_Party\FatFs\src\ff.o
 .comment       0x0000007c       0x7d Middlewares\Third_Party\FatFs\src\ff_gen_drv.o
 .comment       0x0000007c       0x7d Middlewares\Third_Party\FatFs\src\option\syscall.o
 .comment       0x0000007c       0x7d Middlewares\Third_Party\FreeRTOS\Source\CMSIS_RTOS\cmsis_os.o
 .comment       0x0000007c       0x7d Middlewares\Third_Party\FreeRTOS\Source\list.o
 .comment       0x0000007c       0x7d Middlewares\Third_Party\FreeRTOS\Source\portable\GCC\ARM_CM4F\port.o
 .comment       0x0000007c       0x7d Middlewares\Third_Party\FreeRTOS\Source\portable\MemMang\heap_4.o
 .comment       0x0000007c       0x7d Middlewares\Third_Party\FreeRTOS\Source\queue.o
 .comment       0x0000007c       0x7d Middlewares\Third_Party\FreeRTOS\Source\tasks.o
 .comment       0x0000007c       0x7d Src\bsp_driver_sd.o
 .comment       0x0000007c       0x7d Src\fatfs.o
 .comment       0x0000007c       0x7d Src\flash_if.o
 .comment       0x0000007c       0x7d Src\freertos.o
 .comment       0x0000007c       0x7d Src\main.o
 .comment       0x0000007c       0x7d Src\sd_diskio.o
 .comment       0x0000007c       0x7d Src\stm32f4xx_hal_msp.o
 .comment       0x0000007c       0x7d Src\stm32f4xx_hal_timebase_tim.o
 .comment       0x0000007c       0x7d Src\stm32f4xx_it.o
 .comment       0x0000007c       0x7d Src\system_stm32f4xx.o

.debug_frame    0x00000000     0x3e98
 .debug_frame   0x00000000      0x210 Drivers\STM32F4xx_HAL_Driver\Src\stm32f4xx_hal.o
 .debug_frame   0x00000210      0x158 Drivers\STM32F4xx_HAL_Driver\Src\stm32f4xx_hal_cortex.o
 .debug_frame   0x00000368      0x150 Drivers\STM32F4xx_HAL_Driver\Src\stm32f4xx_hal_dma.o
 .debug_frame   0x000004b8      0x154 Drivers\STM32F4xx_HAL_Driver\Src\stm32f4xx_hal_flash.o
 .debug_frame   0x0000060c      0x10c Drivers\STM32F4xx_HAL_Driver\Src\stm32f4xx_hal_flash_ex.o
 .debug_frame   0x00000718       0xd8 Drivers\STM32F4xx_HAL_Driver\Src\stm32f4xx_hal_gpio.o
 .debug_frame   0x000007f0       0xf4 Drivers\STM32F4xx_HAL_Driver\Src\stm32f4xx_hal_pwr_ex.o
 .debug_frame   0x000008e4      0x13c Drivers\STM32F4xx_HAL_Driver\Src\stm32f4xx_hal_rcc.o