Archive member included to satisfy reference by file (symbol)

d:/truestudio for stm32 9.3.0/armtools/bin/../lib/gcc/arm-atollic-eabi/6.3.1/../../../../arm-atollic-eabi/lib/armv7e-m/fpu\libc_nano.a(lib_a-errno.o)
                              Src\syscalls.o (__errno)
d:/truestudio for stm32 9.3.0/armtools/bin/../lib/gcc/arm-atollic-eabi/6.3.1/../../../../arm-atollic-eabi/lib/armv7e-m/fpu\libc_nano.a(lib_a-impure.o)
                              d:/truestudio for stm32 9.3.0/armtools/bin/../lib/gcc/arm-atollic-eabi/6.3.1/../../../../arm-atollic-eabi/lib/armv7e-m/fpu\libc_nano.a(lib_a-errno.o) (_impure_ptr)
d:/truestudio for stm32 9.3.0/armtools/bin/../lib/gcc/arm-atollic-eabi/6.3.1/../../../../arm-atollic-eabi/lib/armv7e-m/fpu\libc_nano.a(lib_a-init.o)
                              startup\startup_stm32f469xx.o (__libc_init_array)
d:/truestudio for stm32 9.3.0/armtools/bin/../lib/gcc/arm-atollic-eabi/6.3.1/../../../../arm-atollic-eabi/lib/armv7e-m/fpu\libc_nano.a(lib_a-memcpy-stub.o)
                              Middlewares\Third_Party\FreeRTOS\Source\queue.o (memcpy)
d:/truestudio for stm32 9.3.0/armtools/bin/../lib/gcc/arm-atollic-eabi/6.3.1/../../../../arm-atollic-eabi/lib/armv7e-m/fpu\libc_nano.a(lib_a-memset.o)
                              Middlewares\Third_Party\FreeRTOS\Source\stream_buffer.o (memset)
d:/truestudio for stm32 9.3.0/armtools/bin/../lib/gcc/arm-atollic-eabi/6.3.1/armv7e-m/fpu\libgcc.a(_aeabi_uldivmod.o)
                              Drivers\STM32F4xx_HAL_Driver\Src\stm32f4xx_hal_rcc.o (__aeabi_uldivmod)
d:/truestudio for stm32 9.3.0/armtools/bin/../lib/gcc/arm-atollic-eabi/6.3.1/armv7e-m/fpu\libgcc.a(_udivmoddi4.o)
                              d:/truestudio for stm32 9.3.0/armtools/bin/../lib/gcc/arm-atollic-eabi/6.3.1/armv7e-m/fpu\libgcc.a(_aeabi_uldivmod.o) (__udivmoddi4)
d:/truestudio for stm32 9.3.0/armtools/bin/../lib/gcc/arm-atollic-eabi/6.3.1/armv7e-m/fpu\libgcc.a(_dvmd_tls.o)
                              d:/truestudio for stm32 9.3.0/armtools/bin/../lib/gcc/arm-atollic-eabi/6.3.1/armv7e-m/fpu\libgcc.a(_aeabi_uldivmod.o) (__aeabi_ldiv0)

Allocating common symbols
Common symbol       size              file

defaultTaskHandle   0x4               Src\main.o
uwTick              0x4               Drivers\STM32F4xx_HAL_Driver\Src\stm32f4xx_hal.o
xQueueRegistry      0x40              Middlewares\Third_Party\FreeRTOS\Source\queue.o
pFlash              0x20              Drivers\STM32F4xx_HAL_Driver\Src\stm32f4xx_hal_flash.o
htim6               0x40              Src\stm32f4xx_hal_timebase_tim.o

Discarded input sections

 .text          0x00000000        0x0 d:/truestudio for stm32 9.3.0/armtools/bin/../lib/gcc/arm-atollic-eabi/6.3.1/armv7e-m/fpu/crti.o
 .data          0x00000000        0x0 d:/truestudio for stm32 9.3.0/armtools/bin/../lib/gcc/arm-atollic-eabi/6.3.1/armv7e-m/fpu/crti.o
 .bss           0x00000000        0x0 d:/truestudio for stm32 9.3.0/armtools/bin/../lib/gcc/arm-atollic-eabi/6.3.1/armv7e-m/fpu/crti.o
 .data          0x00000000        0x4 d:/truestudio for stm32 9.3.0/armtools/bin/../lib/gcc/arm-atollic-eabi/6.3.1/armv7e-m/fpu/crtbegin.o
 .text          0x00000000        0x0 Drivers\STM32F4xx_HAL_Driver\Src\stm32f4xx_hal.o
 .data          0x00000000        0x0 Drivers\STM32F4xx_HAL_Driver\Src\stm32f4xx_hal.o
 .bss           0x00000000        0x0 Drivers\STM32F4xx_HAL_Driver\Src\stm32f4xx_hal.o
 .text.HAL_MspInit
                0x00000000        0x2 Drivers\STM32F4xx_HAL_Driver\Src\stm32f4xx_hal.o
 .text.HAL_MspDeInit
                0x00000000        0x2 Drivers\STM32F4xx_HAL_Driver\Src\stm32f4xx_hal.o
 .text.HAL_DeInit
                0x00000000       0x2c Drivers\STM32F4xx_HAL_Driver\Src\stm32f4xx_hal.o
 .text.HAL_InitTick
                0x00000000       0x48 Drivers\STM32F4xx_HAL_Driver\Src\stm32f4xx_hal.o
 .text.HAL_GetTickPrio
                0x00000000        0xc Drivers\STM32F4xx_HAL_Driver\Src\stm32f4xx_hal.o
 .text.HAL_SetTickFreq
                0x00000000       0x24 Drivers\STM32F4xx_HAL_Driver\Src\stm32f4xx_hal.o
 .text.HAL_GetTickFreq
                0x00000000        0xc Drivers\STM32F4xx_HAL_Driver\Src\stm32f4xx_hal.o
 .text.HAL_Delay
                0x00000000       0x28 Drivers\STM32F4xx_HAL_Driver\Src\stm32f4xx_hal.o
 .text.HAL_SuspendTick
                0x00000000       0x10 Drivers\STM32F4xx_HAL_Driver\Src\stm32f4xx_hal.o
 .text.HAL_ResumeTick
                0x00000000       0x10 Drivers\STM32F4xx_HAL_Driver\Src\stm32f4xx_hal.o
 .text.HAL_GetHalVersion
                0x00000000        0x8 Drivers\STM32F4xx_HAL_Driver\Src\stm32f4xx_hal.o
 .text.HAL_GetREVID
                0x00000000        0xc Drivers\STM32F4xx_HAL_Driver\Src\stm32f4xx_hal.o
 .text.HAL_GetDEVID
                0x00000000       0x10 Drivers\STM32F4xx_HAL_Driver\Src\stm32f4xx_hal.o
 .text.HAL_DBGMCU_EnableDBGSleepMode
                0x00000000       0x10 Drivers\STM32F4xx_HAL_Driver\Src\stm32f4xx_hal.o
 .text.HAL_DBGMCU_DisableDBGSleepMode
[...]
Memory Configuration

Name             Origin             Length             Attributes
RAM              0x20000000         0x00050000         xrw
CCMRAM           0x10000000         0x00010000         rw
FLASH            0x08010000         0x00200000         xr
*default*        0x00000000         0xffffffff

Linker script and memory map

LOAD d:/truestudio for stm32 9.3.0/armtools/bin/../lib/gcc/arm-atollic-eabi/6.3.1/armv7e-m/fpu/crti.o
LOAD d:/truestudio for stm32 9.3.0/armtools/bin/../lib/gcc/arm-atollic-eabi/6.3.1/armv7e-m/fpu/crtbegin.o
LOAD Drivers\STM32F4xx_HAL_Driver\Src\stm32f4xx_hal.o
LOAD Drivers\STM32F4xx_HAL_Driver\Src\stm32f4xx_hal_cortex.o
LOAD Drivers\STM32F4xx_HAL_Driver\Src\stm32f4xx_hal_dma.o
LOAD Drivers\STM32F4xx_HAL_Driver\Src\stm32f4xx_hal_dma_ex.o
LOAD Drivers\STM32F4xx_HAL_Driver\Src\stm32f4xx_hal_exti.o
LOAD Drivers\STM32F4xx_HAL_Driver\Src\stm32f4xx_hal_flash.o
LOAD Drivers\STM32F4xx_HAL_Driver\Src\stm32f4xx_hal_flash_ex.o
LOAD Drivers\STM32F4xx_HAL_Driver\Src\stm32f4xx_hal_flash_ramfunc.o
LOAD Drivers\STM32F4xx_HAL_Driver\Src\stm32f4xx_hal_gpio.o
LOAD Drivers\STM32F4xx_HAL_Driver\Src\stm32f4xx_hal_pwr.o
LOAD Drivers\STM32F4xx_HAL_Driver\Src\stm32f4xx_hal_pwr_ex.o
LOAD Drivers\STM32F4xx_HAL_Driver\Src\stm32f4xx_hal_rcc.o
LOAD Drivers\STM32F4xx_HAL_Driver\Src\stm32f4xx_hal_rcc_ex.o
LOAD Drivers\STM32F4xx_HAL_Driver\Src\stm32f4xx_hal_tim.o
LOAD Drivers\STM32F4xx_HAL_Driver\Src\stm32f4xx_hal_tim_ex.o
LOAD Middlewares\Third_Party\FreeRTOS\Source\CMSIS_RTOS\cmsis_os.o
LOAD Middlewares\Third_Party\FreeRTOS\Source\croutine.o
LOAD Middlewares\Third_Party\FreeRTOS\Source\event_groups.o
LOAD Middlewares\Third_Party\FreeRTOS\Source\list.o
LOAD Middlewares\Third_Party\FreeRTOS\Source\portable\GCC\ARM_CM4F\port.o
LOAD Middlewares\Third_Party\FreeRTOS\Source\portable\MemMang\heap_4.o
LOAD Middlewares\Third_Party\FreeRTOS\Source\queue.o
LOAD Middlewares\Third_Party\FreeRTOS\Source\stream_buffer.o
LOAD Middlewares\Third_Party\FreeRTOS\Source\tasks.o
LOAD Middlewares\Third_Party\FreeRTOS\Source\timers.o
LOAD Src\freertos.o
LOAD Src\main.o
LOAD Src\stm32f4xx_hal_msp.o
LOAD Src\stm32f4xx_hal_timebase_tim.o
LOAD Src\stm32f4xx_it.o
LOAD Src\syscalls.o
LOAD Src\system_stm32f4xx.o
LOAD startup\startup_stm32f469xx.o
                0x00000080                malloc_getpagesize_P = 0x80
START GROUP
LOAD d:/truestudio for stm32 9.3.0/armtools/bin/../lib/gcc/arm-atollic-eabi/6.3.1/../../../../arm-atollic-eabi/lib/armv7e-m/fpu\libc_nano.a
LOAD d:/truestudio for stm32 9.3.0/armtools/bin/../lib/gcc/arm-atollic-eabi/6.3.1/../../../../arm-atollic-eabi/lib/armv7e-m/fpu\libm.a
END GROUP
START GROUP
LOAD d:/truestudio for stm32 9.3.0/armtools/bin/../lib/gcc/arm-atollic-eabi/6.3.1/armv7e-m/fpu\libgcc.a
LOAD d:/truestudio for stm32 9.3.0/armtools/bin/../lib/gcc/arm-atollic-eabi/6.3.1/../../../../arm-atollic-eabi/lib/armv7e-m/fpu\libc_nano.a
END GROUP
START GROUP
LOAD d:/truestudio for stm32 9.3.0/armtools/bin/../lib/gcc/arm-atollic-eabi/6.3.1/armv7e-m/fpu\libgcc.a
LOAD d:/truestudio for stm32 9.3.0/armtools/bin/../lib/gcc/arm-atollic-eabi/6.3.1/../../../../arm-atollic-eabi/lib/armv7e-m/fpu\libc_nano.a
LOAD d:/truestudio for stm32 9.3.0/armtools/bin/../lib/gcc/arm-atollic-eabi/6.3.1/../../../../arm-atollic-eabi/lib/armv7e-m/fpu\libnosys.a
END GROUP
START GROUP
LOAD d:/truestudio for stm32 9.3.0/armtools/bin/../lib/gcc/arm-atollic-eabi/6.3.1/armv7e-m/fpu\libgcc.a
LOAD d:/truestudio for stm32 9.3.0/armtools/bin/../lib/gcc/arm-atollic-eabi/6.3.1/../../../../arm-atollic-eabi/lib/armv7e-m/fpu\libc_nano.a
LOAD d:/truestudio for stm32 9.3.0/armtools/bin/../lib/gcc/arm-atollic-eabi/6.3.1/../../../../arm-atollic-eabi/lib/armv7e-m/fpu\libnosys.a
END GROUP
LOAD d:/truestudio for stm32 9.3.0/armtools/bin/../lib/gcc/arm-atollic-eabi/6.3.1/armv7e-m/fpu/crtend.o
LOAD d:/truestudio for stm32 9.3.0/armtools/bin/../lib/gcc/arm-atollic-eabi/6.3.1/armv7e-m/fpu/crtn.o
                0x20050000                _estack = 0x20050000
                0x00000200                _Min_Heap_Size = 0x200
                0x00000400                _Min_Stack_Size = 0x400

.isr_vector     0x08010000      0x1b4
                0x08010000                . = ALIGN (0x4)
 *(.isr_vector)
 .isr_vector    0x08010000      0x1b4 startup\startup_stm32f469xx.o
                0x08010000                g_pfnVectors
                0x080101b4                . = ALIGN (0x4)

.text           0x080101c0     0x1e28
                0x080101c0                . = ALIGN (0x4)
 *(.text)
 .text          0x080101c0       0x40 d:/truestudio for stm32 9.3.0/armtools/bin/../lib/gcc/arm-atollic-eabi/6.3.1/armv7e-m/fpu/crtbegin.o
 .text          0x08010200       0x30 d:/truestudio for stm32 9.3.0/armtools/bin/../lib/gcc/arm-atollic-eabi/6.3.1/armv7e-m/fpu\libgcc.a(_aeabi_uldivmod.o)
                0x08010200                __aeabi_uldivmod
 .text          0x08010230      0x2dc d:/truestudio for stm32 9.3.0/armtools/bin/../lib/gcc/arm-atollic-eabi/6.3.1/armv7e-m/fpu\libgcc.a(_udivmoddi4.o)
                0x08010230                __udivmoddi4
 .text          0x0801050c        0x4 d:/truestudio for stm32 9.3.0/armtools/bin/../lib/gcc/arm-atollic-eabi/6.3.1/armv7e-m/fpu\libgcc.a(_dvmd_tls.o)
                0x0801050c                __aeabi_idiv0
                0x0801050c                __aeabi_ldiv0
 *(.text*)
 .text.HAL_Init
                0x08010510       0x34 Drivers\STM32F4xx_HAL_Driver\Src\stm32f4xx_hal.o
                0x08010510                HAL_Init
 .text.HAL_IncTick
                0x08010544       0x18 Drivers\STM32F4xx_HAL_Driver\Src\stm32f4xx_hal.o
                0x08010544                HAL_IncTick
 .text.HAL_GetTick
                0x0801055c        0xc Drivers\STM32F4xx_HAL_Driver\Src\stm32f4xx_hal.o
                0x0801055c                HAL_GetTick
 .text.HAL_NVIC_SetPriorityGrouping
                0x08010568       0x24 Drivers\STM32F4xx_HAL_Driver\Src\stm32f4xx_hal_cortex.o
                0x08010568                HAL_NVIC_SetPriorityGrouping
 .text.HAL_NVIC_SetPriority
                0x0801058c       0x68 Drivers\STM32F4xx_HAL_Driver\Src\stm32f4xx_hal_cortex.o
                0x0801058c                HAL_NVIC_SetPriority
 .text.HAL_NVIC_EnableIRQ
                0x080105f4       0x1c Drivers\STM32F4xx_HAL_Driver\Src\stm32f4xx_hal_cortex.o
                0x080105f4                HAL_NVIC_EnableIRQ
 .text.HAL_GPIO_Init
                0x08010610      0x1d8 Drivers\STM32F4xx_HAL_Driver\Src\stm32f4xx_hal_gpio.o
                0x08010610                HAL_GPIO_Init
 .text.HAL_GPIO_WritePin
                0x080107e8        0xa Drivers\STM32F4xx_HAL_Driver\Src\stm32f4xx_hal_gpio.o
                0x080107e8                HAL_GPIO_WritePin
 .text.HAL_GPIO_TogglePin
                0x080107f2        0xe Drivers\STM32F4xx_HAL_Driver\Src\stm32f4xx_hal_gpio.o
                0x080107f2                HAL_GPIO_TogglePin
 .text.HAL_PWREx_EnableOverDrive
                0x08010800       0x78 Drivers\STM32F4xx_HAL_Driver\Src\stm32f4xx_hal_pwr_ex.o
                0x08010800                HAL_PWREx_EnableOverDrive
 .text.HAL_RCC_GetSysClockFreq
                0x08010878       0x5c Drivers\STM32F4xx_HAL_Driver\Src\stm32f4xx_hal_rcc.o
                0x08010878                HAL_RCC_GetSysClockFreq
 .text.HAL_RCC_ClockConfig
                0x080108d4      0x134 Drivers\STM32F4xx_HAL_Driver\Src\stm32f4xx_hal_rcc.o
                0x080108d4                HAL_RCC_ClockConfig
 .text.HAL_RCC_GetPCLK1Freq
                0x08010a08       0x20 Drivers\STM32F4xx_HAL_Driver\Src\stm32f4xx_hal_rcc.o
                0x08010a08                HAL_RCC_GetPCLK1Freq
 .text.HAL_RCC_GetClockConfig
                0x08010a28       0x3c Drivers\STM32F4xx_HAL_Driver\Src\stm32f4xx_hal_rcc.o
                0x08010a28                HAL_RCC_GetClockConfig
 .text.HAL_RCC_OscConfig
                0x08010a64      0x308 Drivers\STM32F4xx_HAL_Driver\Src\stm32f4xx_hal_rcc_ex.o
                0x08010a64                HAL_RCC_OscConfig
 .text.HAL_TIM_Base_MspInit
                0x08010d6c        0x2 Drivers\STM32F4xx_HAL_Driver\Src\stm32f4xx_hal_tim.o
                0x08010d6c                HAL_TIM_Base_MspInit
 .text.HAL_TIM_Base_Start_IT
                0x08010d6e       0x20 Drivers\STM32F4xx_HAL_Driver\Src\stm32f4xx_hal_tim.o
                0x08010d6e                HAL_TIM_Base_Start_IT
 .text.HAL_TIM_OC_DelayElapsedCallback
                0x08010d8e        0x2 Drivers\STM32F4xx_HAL_Driver\Src\stm32f4xx_hal_tim.o
                0x08010d8e                HAL_TIM_OC_DelayElapsedCallback
 .text.HAL_TIM_IC_CaptureCallback
                0x08010d90        0x2 Drivers\STM32F4xx_HAL_Driver\Src\stm32f4xx_hal_tim.o
                0x08010d90                HAL_TIM_IC_CaptureCallback
 .text.HAL_TIM_PWM_PulseFinishedCallback
                0x08010d92        0x2 Drivers\STM32F4xx_HAL_Driver\Src\stm32f4xx_hal_tim.o
                0x08010d92                HAL_TIM_PWM_PulseFinishedCallback
 .text.HAL_TIM_TriggerCallback
                0x08010d94        0x2 Drivers\STM32F4xx_HAL_Driver\Src\stm32f4xx_hal_tim.o
                0x08010d94                HAL_TIM_TriggerCallback
 .text.HAL_TIM_IRQHandler
                0x08010d96      0x144 Drivers\STM32F4xx_HAL_Driver\Src\stm32f4xx_hal_tim.o
                0x08010d96                HAL_TIM_IRQHandler
 *fill*         0x08010eda        0x2 
 .text.TIM_Base_SetConfig
                0x08010edc       0xcc Drivers\STM32F4xx_HAL_Driver\Src\stm32f4xx_hal_tim.o
                0x08010edc                TIM_Base_SetConfig
 .text.HAL_TIM_Base_Init
                0x08010fa8       0x34 Drivers\STM32F4xx_HAL_Driver\Src\stm32f4xx_hal_tim.o
                0x08010fa8                HAL_TIM_Base_Init
 .text.HAL_TIMEx_CommutCallback
                0x08010fdc        0x2 Drivers\STM32F4xx_HAL_Driver\Src\stm32f4xx_hal_tim_ex.o
                0x08010fdc                HAL_TIMEx_CommutCallback
 .text.HAL_TIMEx_BreakCallback
                0x08010fde        0x2 Drivers\STM32F4xx_HAL_Driver\Src\stm32f4xx_hal_tim_ex.o
                0x08010fde                HAL_TIMEx_BreakCallback
 .text.osKernelStart
                0x08010fe0        0xa Middlewares\Third_Party\FreeRTOS\Source\CMSIS_RTOS\cmsis_os.o
                0x08010fe0                osKernelStart
 .text.osThreadCreate
                0x08010fea       0x50 Middlewares\Third_Party\FreeRTOS\Source\CMSIS_RTOS\cmsis_os.o
                0x08010fea                osThreadCreate
 .text.osDelay  0x0801103a       0x10 Middlewares\Third_Party\FreeRTOS\Source\CMSIS_RTOS\cmsis_os.o
                0x0801103a                osDelay
 .text.vListInitialise
                0x0801104a       0x16 Middlewares\Third_Party\FreeRTOS\Source\list.o
                0x0801104a                vListInitialise
 .text.vListInitialiseItem
                0x08011060        0x6 Middlewares\Third_Party\FreeRTOS\Source\list.o
                0x08011060                vListInitialiseItem
 .text.vListInsertEnd
                0x08011066       0x18 Middlewares\Third_Party\FreeRTOS\Source\list.o
                0x08011066                vListInsertEnd
 .text.vListInsert
                0x0801107e       0x2e Middlewares\Third_Party\FreeRTOS\Source\list.o
                0x0801107e                vListInsert
 .text.uxListRemove
                0x080110ac       0x22 Middlewares\Third_Party\FreeRTOS\Source\list.o
                0x080110ac                uxListRemove
 *fill*         0x080110ce        0x2 
 .text.prvTaskExitError
                0x080110d0       0x40 Middlewares\Third_Party\FreeRTOS\Source\portable\GCC\ARM_CM4F\port.o
 .text.unlikely.prvPortStartFirstTask
                0x08011110       0x28 Middlewares\Third_Party\FreeRTOS\Source\portable\GCC\ARM_CM4F\port.o
 .text.unlikely.vPortEnableVFP
                0x08011138       0x14 Middlewares\Third_Party\FreeRTOS\Source\portable\GCC\ARM_CM4F\port.o
 .text.pxPortInitialiseStack
                0x0801114c       0x2c Middlewares\Third_Party\FreeRTOS\Source\portable\GCC\ARM_CM4F\port.o
                0x0801114c                pxPortInitialiseStack
 *fill*         0x08011178        0x8 
 .text.SVC_Handler
                0x08011180       0x24 Middlewares\Third_Party\FreeRTOS\Source\portable\GCC\ARM_CM4F\port.o
                0x08011180                SVC_Handler
 .text.vPortEnterCritical
                0x080111a4       0x44 Middlewares\Third_Party\FreeRTOS\Source\portable\GCC\ARM_CM4F\port.o
                0x080111a4                vPortEnterCritical
 .text.vPortExitCritical
                0x080111e8       0x28 Middlewares\Third_Party\FreeRTOS\Source\portable\GCC\ARM_CM4F\port.o
                0x080111e8                vPortExitCritical
 .text.PendSV_Handler
                0x08011210       0x64 Middlewares\Third_Party\FreeRTOS\Source\portable\GCC\ARM_CM4F\port.o
                0x08011210                PendSV_Handler
 .text.SysTick_Handler
                0x08011274       0x2c Middlewares\Third_Party\FreeRTOS\Source\portable\GCC\ARM_CM4F\port.o
                0x08011274                SysTick_Handler
 .text.vPortSetupTimerInterrupt
                0x080112a0       0x34 Middlewares\Third_Party\FreeRTOS\Source\portable\GCC\ARM_CM4F\port.o
                0x080112a0                vPortSetupTimerInterrupt
 .text.xPortStartScheduler
                0x080112d4      0x10c Middlewares\Third_Party\FreeRTOS\Source\portable\GCC\ARM_CM4F\port.o
                0x080112d4                xPortStartScheduler
 .text.unlikely.prvInsertBlockIntoFreeList
                0x080113e0       0x48 Middlewares\Third_Party\FreeRTOS\Source\portable\MemMang\heap_4.o
 .text.pvPortMalloc
                0x08011428      0x11c Middlewares\Third_Party\FreeRTOS\Source\portable\MemMang\heap_4.o
                0x08011428                pvPortMalloc
 .text.vPortFree
                0x08011544       0x70 Middlewares\Third_Party\FreeRTOS\Source\portable\MemMang\heap_4.o
                0x08011544                vPortFree
 .text.prvAddNewTaskToReadyList
                0x080115b4       0xf8 Middlewares\Third_Party\FreeRTOS\Source\tasks.o
 .text.prvResetNextTaskUnblockTime
                0x080116ac       0x24 Middlewares\Third_Party\FreeRTOS\Source\tasks.o
 .text.prvInitialiseNewTask.isra.2
                0x080116d0       0x82 Middlewares\Third_Party\FreeRTOS\Source\tasks.o
 .text.prvDeleteTCB
                0x08011752       0x36 Middlewares\Third_Party\FreeRTOS\Source\tasks.o
 .text.prvIdleTask
                0x08011788       0x64 Middlewares\Third_Party\FreeRTOS\Source\tasks.o
 .text.prvAddCurrentTaskToDelayedList
                0x080117ec       0x8c Middlewares\Third_Party\FreeRTOS\Source\tasks.o
 .text.xTaskCreateStatic
                0x08011878       0x6e Middlewares\Third_Party\FreeRTOS\Source\tasks.o
                0x08011878                xTaskCreateStatic
 .text.xTaskCreate
                0x080118e6       0x5a Middlewares\Third_Party\FreeRTOS\Source\tasks.o
                0x080118e6                xTaskCreate
 .text.vTaskStartScheduler
                0x08011940       0x6c Middlewares\Third_Party\FreeRTOS\Source\tasks.o
                0x08011940                vTaskStartScheduler
 .text.vTaskSuspendAll
                0x080119ac       0x10 Middlewares\Third_Party\FreeRTOS\Source\tasks.o
                0x080119ac                vTaskSuspendAll
 .text.xTaskIncrementTick
                0x080119bc      0x124 Middlewares\Third_Party\FreeRTOS\Source\tasks.o
                0x080119bc                xTaskIncrementTick
 .text.xTaskResumeAll
                0x08011ae0       0xf0 Middlewares\Third_Party\FreeRTOS\Source\tasks.o
                0x08011ae0                xTaskResumeAll
 .text.vTaskDelay
                0x08011bd0       0x48 Middlewares\Third_Party\FreeRTOS\Source\tasks.o
                0x08011bd0                vTaskDelay
 .text.vTaskSwitchContext
                0x08011c18       0x74 Middlewares\Third_Party\FreeRTOS\Source\tasks.o
                0x08011c18                vTaskSwitchContext
 .text.vApplicationGetIdleTaskMemory
                0x08011c8c       0x18 Src\freertos.o
                0x08011c8c                vApplicationGetIdleTaskMemory
 .text.StartDefaultTask
                0x08011ca4       0x18 Src\main.o
                0x08011ca4                StartDefaultTask
 .text.SystemClock_Config
                0x08011cbc       0x9c Src\main.o
                0x08011cbc                SystemClock_Config
 .text.startup.main
                0x08011d58       0x94 Src\main.o
                0x08011d58                main
 .text.HAL_TIM_PeriodElapsedCallback
                0x08011dec       0x14 Src\main.o
                0x08011dec                HAL_TIM_PeriodElapsedCallback
 .text.HAL_MspInit
                0x08011e00       0x44 Src\stm32f4xx_hal_msp.o
                0x08011e00                HAL_MspInit
 .text.HAL_InitTick
                0x08011e44       0x7c Src\stm32f4xx_hal_timebase_tim.o
                0x08011e44                HAL_InitTick
 .text.NMI_Handler
                0x08011ec0        0x2 Src\stm32f4xx_it.o
                0x08011ec0                NMI_Handler
 .text.HardFault_Handler
                0x08011ec2        0x2 Src\stm32f4xx_it.o
                0x08011ec2                HardFault_Handler
 .text.MemManage_Handler
                0x08011ec4        0x2 Src\stm32f4xx_it.o
                0x08011ec4                MemManage_Handler
 .text.BusFault_Handler
                0x08011ec6        0x2 Src\stm32f4xx_it.o
                0x08011ec6                BusFault_Handler
 .text.UsageFault_Handler
                0x08011ec8        0x2 Src\stm32f4xx_it.o
                0x08011ec8                UsageFault_Handler
 .text.DebugMon_Handler
                0x08011eca        0x2 Src\stm32f4xx_it.o
                0x08011eca                DebugMon_Handler
 .text.TIM6_DAC_IRQHandler
                0x08011ecc        0xc Src\stm32f4xx_it.o
                0x08011ecc                TIM6_DAC_IRQHandler
 .text.SystemInit
                0x08011ed8       0x4c Src\system_stm32f4xx.o
                0x08011ed8                SystemInit
 .text.Reset_Handler
                0x08011f24       0x50 startup\startup_stm32f469xx.o
                0x08011f24                Reset_Handler
 .text.Default_Handler
                0x08011f74        0x2 startup\startup_stm32f469xx.o
                0x08011f74                RTC_Alarm_IRQHandler
                0x08011f74                HASH_RNG_IRQHandler
                0x08011f74                EXTI2_IRQHandler
                0x08011f74                TIM8_CC_IRQHandler
                0x08011f74                UART8_IRQHandler
                0x08011f74                SPI4_IRQHandler
                0x08011f74                TIM1_CC_IRQHandler
                0x08011f74                DMA2_Stream5_IRQHandler
                0x08011f74                DMA1_Stream5_IRQHandler
                0x08011f74                PVD_IRQHandler
                0x08011f74                SDIO_IRQHandler
                0x08011f74                TAMP_STAMP_IRQHandler
                0x08011f74                CAN2_RX1_IRQHandler
                0x08011f74                EXTI3_IRQHandler
                0x08011f74                TIM8_TRG_COM_TIM14_IRQHandler
                0x08011f74                TIM1_UP_TIM10_IRQHandler
                0x08011f74                TIM8_UP_TIM13_IRQHandler
                0x08011f74                I2C3_ER_IRQHandler
                0x08011f74                EXTI0_IRQHandler
                0x08011f74                I2C2_EV_IRQHandler
                0x08011f74                DMA1_Stream2_IRQHandler
                0x08011f74                CAN1_RX0_IRQHandler
                0x08011f74                FPU_IRQHandler
                0x08011f74                OTG_HS_WKUP_IRQHandler
                0x08011f74                LTDC_ER_IRQHandler
                0x08011f74                CAN2_SCE_IRQHandler
                0x08011f74                DMA2_Stream2_IRQHandler
                0x08011f74                SPI1_IRQHandler
                0x08011f74                TIM1_BRK_TIM9_IRQHandler
                0x08011f74                DCMI_IRQHandler
                0x08011f74                CAN2_RX0_IRQHandler
                0x08011f74                DMA2_Stream3_IRQHandler
                0x08011f74                USART6_IRQHandler
                0x08011f74                USART3_IRQHandler
                0x08011f74                CAN1_RX1_IRQHandler
                0x08011f74                UART5_IRQHandler
                0x08011f74                DMA2_Stream0_IRQHandler
                0x08011f74                TIM4_IRQHandler
                0x08011f74                QUADSPI_IRQHandler
                0x08011f74                I2C1_EV_IRQHandler
                0x08011f74                DMA1_Stream6_IRQHandler
                0x08011f74                DMA1_Stream1_IRQHandler
                0x08011f74                UART4_IRQHandler
                0x08011f74                TIM3_IRQHandler
                0x08011f74                RCC_IRQHandler
                0x08011f74                TIM8_BRK_TIM12_IRQHandler
                0x08011f74                Default_Handler
                0x08011f74                EXTI15_10_IRQHandler
                0x08011f74                ADC_IRQHandler
                0x08011f74                DMA1_Stream7_IRQHandler
                0x08011f74                SPI5_IRQHandler
                0x08011f74                TIM7_IRQHandler
                0x08011f74                CAN2_TX_IRQHandler
                0x08011f74                TIM5_IRQHandler
                0x08011f74                DMA2_Stream7_IRQHandler
                0x08011f74                I2C3_EV_IRQHandler
                0x08011f74                EXTI9_5_IRQHandler
                0x08011f74                RTC_WKUP_IRQHandler
                0x08011f74                LTDC_IRQHandler
                0x08011f74                ETH_WKUP_IRQHandler
                0x08011f74                SPI2_IRQHandler
                0x08011f74                OTG_HS_EP1_IN_IRQHandler
                0x08011f74                DMA1_Stream0_IRQHandler
                0x08011f74                CAN1_TX_IRQHandler
                0x08011f74                EXTI4_IRQHandler
                0x08011f74                DSI_IRQHandler
                0x08011f74                ETH_IRQHandler
                0x08011f74                OTG_HS_EP1_OUT_IRQHandler
                0x08011f74                WWDG_IRQHandler
                0x08011f74                SPI6_IRQHandler
                0x08011f74                TIM2_IRQHandler
                0x08011f74                OTG_FS_WKUP_IRQHandler
                0x08011f74                TIM1_TRG_COM_TIM11_IRQHandler
                0x08011f74                OTG_HS_IRQHandler
                0x08011f74                DMA2D_IRQHandler
                0x08011f74                EXTI1_IRQHandler
                0x08011f74                UART7_IRQHandler
                0x08011f74                USART2_IRQHandler
                0x08011f74                I2C2_ER_IRQHandler
                0x08011f74                DMA2_Stream1_IRQHandler
                0x08011f74                CAN1_SCE_IRQHandler
                0x08011f74                FLASH_IRQHandler
                0x08011f74                DMA2_Stream4_IRQHandler
                0x08011f74                USART1_IRQHandler
                0x08011f74                OTG_FS_IRQHandler
                0x08011f74                SPI3_IRQHandler
                0x08011f74                DMA1_Stream4_IRQHandler
                0x08011f74                I2C1_ER_IRQHandler
                0x08011f74                FMC_IRQHandler
                0x08011f74                DMA2_Stream6_IRQHandler
                0x08011f74                SAI1_IRQHandler
                0x08011f74                DMA1_Stream3_IRQHandler
 *fill*         0x08011f76        0x2 
 .text.__libc_init_array
                0x08011f78       0x48 d:/truestudio for stm32 9.3.0/armtools/bin/../lib/gcc/arm-atollic-eabi/6.3.1/../../../../arm-atollic-eabi/lib/armv7e-m/fpu\libc_nano.a(lib_a-init.o)
                0x08011f78                __libc_init_array
 .text.memset   0x08011fc0       0x10 d:/truestudio for stm32 9.3.0/armtools/bin/../lib/gcc/arm-atollic-eabi/6.3.1/../../../../arm-atollic-eabi/lib/armv7e-m/fpu\libc_nano.a(lib_a-memset.o)
                0x08011fc0                memset
 *(.glue_7)
 .glue_7        0x08011fd0        0x0 linker stubs
 *(.glue_7t)
 .glue_7t       0x08011fd0        0x0 linker stubs
 *(.eh_frame)
 .eh_frame      0x08011fd0        0x0 d:/truestudio for stm32 9.3.0/armtools/bin/../lib/gcc/arm-atollic-eabi/6.3.1/armv7e-m/fpu/crtbegin.o
 *(.init)
 .init          0x08011fd0        0x4 d:/truestudio for stm32 9.3.0/armtools/bin/../lib/gcc/arm-atollic-eabi/6.3.1/armv7e-m/fpu/crti.o
                0x08011fd0                _init
 .init          0x08011fd4        0x8 d:/truestudio for stm32 9.3.0/armtools/bin/../lib/gcc/arm-atollic-eabi/6.3.1/armv7e-m/fpu/crtn.o
 *(.fini)
 .fini          0x08011fdc        0x4 d:/truestudio for stm32 9.3.0/armtools/bin/../lib/gcc/arm-atollic-eabi/6.3.1/armv7e-m/fpu/crti.o
                0x08011fdc                _fini
 .fini          0x08011fe0        0x8 d:/truestudio for stm32 9.3.0/armtools/bin/../lib/gcc/arm-atollic-eabi/6.3.1/armv7e-m/fpu/crtn.o
                0x08011fe8                . = ALIGN (0x4)
                0x08011fe8                _etext = .

.vfp11_veneer   0x08011fe8        0x0
 .vfp11_veneer  0x08011fe8        0x0 linker stubs

.v4_bx          0x08011fe8        0x0
 .v4_bx         0x08011fe8        0x0 linker stubs

.iplt           0x08011fe8        0x0
 .iplt          0x08011fe8        0x0 d:/truestudio for stm32 9.3.0/armtools/bin/../lib/gcc/arm-atollic-eabi/6.3.1/armv7e-m/fpu/crtbegin.o

.rodata         0x08011fe8       0x48
                0x08011fe8                . = ALIGN (0x4)
 *(.rodata)
 .rodata        0x08011fe8       0x1c Src\main.o
 *(.rodata*)
 .rodata.vTaskStartScheduler.str1.1
                0x08012004        0x5 Middlewares\Third_Party\FreeRTOS\Source\tasks.o
 .rodata.str1.1
                0x08012009        0xc Src\main.o
 .rodata.AHBPrescTable
                0x08012015       0x10 Src\system_stm32f4xx.o
                0x08012015                AHBPrescTable
 .rodata.APBPrescTable
                0x08012025        0x8 Src\system_stm32f4xx.o
                0x08012025                APBPrescTable
                0x08012030                . = ALIGN (0x4)
 *fill*         0x0801202d        0x3 

.ARM.extab
 *(.ARM.extab* .gnu.linkonce.armextab.*)

.ARM            0x08012030        0x8
                0x08012030                __exidx_start = .
 *(.ARM.exidx*)
 .ARM.exidx     0x08012030        0x8 d:/truestudio for stm32 9.3.0/armtools/bin/../lib/gcc/arm-atollic-eabi/6.3.1/armv7e-m/fpu\libgcc.a(_udivmoddi4.o)
                0x08012038                __exidx_end = .

.rel.dyn        0x08012038        0x0
 .rel.iplt      0x08012038        0x0 d:/truestudio for stm32 9.3.0/armtools/bin/../lib/gcc/arm-atollic-eabi/6.3.1/armv7e-m/fpu/crtbegin.o

.preinit_array  0x08012038        0x0
                0x08012038                PROVIDE (__preinit_array_start, .)
 *(.preinit_array*)
                0x08012038                PROVIDE (__preinit_array_end, .)

.init_array     0x08012038        0x4
                0x08012038                PROVIDE (__init_array_start, .)
 *(SORT(.init_array.*))
 *(.init_array*)
 .init_array    0x08012038        0x4 d:/truestudio for stm32 9.3.0/armtools/bin/../lib/gcc/arm-atollic-eabi/6.3.1/armv7e-m/fpu/crtbegin.o
                0x0801203c                PROVIDE (__init_array_end, .)

.fini_array     0x0801203c        0x4
                [!provide]                PROVIDE (__fini_array_start, .)
 *(SORT(.fini_array.*))
 *(.fini_array*)
 .fini_array    0x0801203c        0x4 d:/truestudio for stm32 9.3.0/armtools/bin/../lib/gcc/arm-atollic-eabi/6.3.1/armv7e-m/fpu/crtbegin.o
                [!provide]                PROVIDE (__fini_array_end, .)
                0x08012040                _sidata = LOADADDR (.data)

.data           0x20000000        0xc load address 0x08012040
                0x20000000                . = ALIGN (0x4)
                0x20000000                _sdata = .
 *(.data)
 *(.data*)
 .data.uwTickFreq
                0x20000000        0x1 Drivers\STM32F4xx_HAL_Driver\Src\stm32f4xx_hal.o
                0x20000000                uwTickFreq
 *fill*         0x20000001        0x3 
 .data.uxCriticalNesting
                0x20000004        0x4 Middlewares\Third_Party\FreeRTOS\Source\portable\GCC\ARM_CM4F\port.o
 .data.SystemCoreClock
                0x20000008        0x4 Src\system_stm32f4xx.o
                0x20000008                SystemCoreClock
                0x2000000c                . = ALIGN (0x4)
                0x2000000c                _edata = .
                0x0801204c                _siccmram = LOADADDR (.ccmram)

.igot.plt       0x2000000c        0x0 load address 0x0801204c
 .igot.plt      0x2000000c        0x0 d:/truestudio for stm32 9.3.0/armtools/bin/../lib/gcc/arm-atollic-eabi/6.3.1/armv7e-m/fpu/crtbegin.o

.ccmram         0x10000000        0x0 load address 0x0801204c
                0x10000000                . = ALIGN (0x4)
                0x10000000                _sccmram = .
 *(.ccmram)
 *(.ccmram*)
                0x10000000                . = ALIGN (0x4)
                0x10000000                _eccmram = .
                0x10000000                . = ALIGN (0x4)

.bss            0x2000000c     0x4000
                0x2000000c                _sbss = .
                0x2000000c                __bss_start__ = _sbss
 *(.bss)
 .bss           0x2000000c       0x1c d:/truestudio for stm32 9.3.0/armtools/bin/../lib/gcc/arm-atollic-eabi/6.3.1/armv7e-m/fpu/crtbegin.o
 *(.bss*)
 .bss.ucMaxSysCallPriority
                0x20000028        0x1 Middlewares\Third_Party\FreeRTOS\Source\portable\GCC\ARM_CM4F\port.o
 *fill*         0x20000029        0x3 
 .bss.ulMaxPRIGROUPValue
                0x2000002c        0x4 Middlewares\Third_Party\FreeRTOS\Source\portable\GCC\ARM_CM4F\port.o
 .bss.pxEnd     0x20000030        0x4 Middlewares\Third_Party\FreeRTOS\Source\portable\MemMang\heap_4.o
 .bss.ucHeap    0x20000034     0x3c00 Middlewares\Third_Party\FreeRTOS\Source\portable\MemMang\heap_4.o
 .bss.xBlockAllocatedBit
                0x20003c34        0x4 Middlewares\Third_Party\FreeRTOS\Source\portable\MemMang\heap_4.o
 .bss.xFreeBytesRemaining
                0x20003c38        0x4 Middlewares\Third_Party\FreeRTOS\Source\portable\MemMang\heap_4.o
 .bss.xMinimumEverFreeBytesRemaining
                0x20003c3c        0x4 Middlewares\Third_Party\FreeRTOS\Source\portable\MemMang\heap_4.o
 .bss.xStart    0x20003c40        0x8 Middlewares\Third_Party\FreeRTOS\Source\portable\MemMang\heap_4.o
 .bss.pxCurrentTCB
                0x20003c48        0x4 Middlewares\Third_Party\FreeRTOS\Source\tasks.o
                0x20003c48                pxCurrentTCB
 .bss.pxDelayedTaskList
                0x20003c4c        0x4 Middlewares\Third_Party\FreeRTOS\Source\tasks.o
 .bss.pxOverflowDelayedTaskList
                0x20003c50        0x4 Middlewares\Third_Party\FreeRTOS\Source\tasks.o
 .bss.pxReadyTasksLists
                0x20003c54       0x8c Middlewares\Third_Party\FreeRTOS\Source\tasks.o
 .bss.uxCurrentNumberOfTasks
                0x20003ce0        0x4 Middlewares\Third_Party\FreeRTOS\Source\tasks.o
 .bss.uxDeletedTasksWaitingCleanUp
                0x20003ce4        0x4 Middlewares\Third_Party\FreeRTOS\Source\tasks.o
 .bss.uxPendedTicks
                0x20003ce8        0x4 Middlewares\Third_Party\FreeRTOS\Source\tasks.o
 .bss.uxSchedulerSuspended
                0x20003cec        0x4 Middlewares\Third_Party\FreeRTOS\Source\tasks.o
 .bss.uxTaskNumber
                0x20003cf0        0x4 Middlewares\Third_Party\FreeRTOS\Source\tasks.o
 .bss.uxTopReadyPriority
                0x20003cf4        0x4 Middlewares\Third_Party\FreeRTOS\Source\tasks.o
 .bss.xDelayedTaskList1
                0x20003cf8       0x14 Middlewares\Third_Party\FreeRTOS\Source\tasks.o
 .bss.xDelayedTaskList2
                0x20003d0c       0x14 Middlewares\Third_Party\FreeRTOS\Source\tasks.o
 .bss.xNextTaskUnblockTime
                0x20003d20        0x4 Middlewares\Third_Party\FreeRTOS\Source\tasks.o
 .bss.xNumOfOverflows
                0x20003d24        0x4 Middlewares\Third_Party\FreeRTOS\Source\tasks.o
 .bss.xPendingReadyList
                0x20003d28       0x14 Middlewares\Third_Party\FreeRTOS\Source\tasks.o
 .bss.xSchedulerRunning
                0x20003d3c        0x4 Middlewares\Third_Party\FreeRTOS\Source\tasks.o
 .bss.xSuspendedTaskList
                0x20003d40       0x14 Middlewares\Third_Party\FreeRTOS\Source\tasks.o
 .bss.xTasksWaitingTermination
                0x20003d54       0x14 Middlewares\Third_Party\FreeRTOS\Source\tasks.o
 .bss.xTickCount
                0x20003d68        0x4 Middlewares\Third_Party\FreeRTOS\Source\tasks.o
 .bss.xYieldPending
                0x20003d6c        0x4 Middlewares\Third_Party\FreeRTOS\Source\tasks.o
 .bss.xIdleStack
                0x20003d70      0x200 Src\freertos.o
 .bss.xIdleTaskTCBBuffer
                0x20003f70       0x54 Src\freertos.o
 *(COMMON)
 COMMON         0x20003fc4        0x4 Drivers\STM32F4xx_HAL_Driver\Src\stm32f4xx_hal.o
                0x20003fc4                uwTick
 COMMON         0x20003fc8        0x4 Src\main.o
                0x20003fc8                defaultTaskHandle
 COMMON         0x20003fcc       0x40 Src\stm32f4xx_hal_timebase_tim.o
                0x20003fcc                htim6
                0x2000400c                . = ALIGN (0x4)
                0x2000400c                _ebss = .
                0x2000400c                __bss_end__ = _ebss

._user_heap_stack
                0x2000400c      0x600
                0x2000400c                . = ALIGN (0x4)
                0x2000400c                PROVIDE (end, .)
                [!provide]                PROVIDE (_end, .)
                0x2000420c                . = (. + _Min_Heap_Size)
 *fill*         0x2000400c      0x200 
                0x2000460c                . = (. + _Min_Stack_Size)
 *fill*         0x2000420c      0x400 
                0x2000460c                . = ALIGN (0x4)

/DISCARD/
 libc.a(*)
 libm.a(*)
 libgcc.a(*)

.ARM.attributes
                0x00000000       0x30
 *(.ARM.attributes)
 .ARM.attributes
                0x00000000       0x22 d:/truestudio for stm32 9.3.0/armtools/bin/../lib/gcc/arm-atollic-eabi/6.3.1/armv7e-m/fpu/crti.o
 .ARM.attributes
                0x00000022       0x34 d:/truestudio for stm32 9.3.0/armtools/bin/../lib/gcc/arm-atollic-eabi/6.3.1/armv7e-m/fpu/crtbegin.o
 .ARM.attributes
                0x00000056       0x39 Drivers\STM32F4xx_HAL_Driver\Src\stm32f4xx_hal.o
 .ARM.attributes
                0x0000008f       0x39 Drivers\STM32F4xx_HAL_Driver\Src\stm32f4xx_hal_cortex.o
 .ARM.attributes
                0x000000c8       0x39 Drivers\STM32F4xx_HAL_Driver\Src\stm32f4xx_hal_gpio.o
 .ARM.attributes
                0x00000101       0x39 Drivers\STM32F4xx_HAL_Driver\Src\stm32f4xx_hal_pwr_ex.o
 .ARM.attributes
                0x0000013a       0x39 Drivers\STM32F4xx_HAL_Driver\Src\stm32f4xx_hal_rcc.o
 .ARM.attributes
                0x00000173       0x39 Drivers\STM32F4xx_HAL_Driver\Src\stm32f4xx_hal_rcc_ex.o
 .ARM.attributes
                0x000001ac       0x39 Drivers\STM32F4xx_HAL_Driver\Src\stm32f4xx_hal_tim.o
 .ARM.attributes
                0x000001e5       0x39 Drivers\STM32F4xx_HAL_Driver\Src\stm32f4xx_hal_tim_ex.o
 .ARM.attributes
                0x0000021e       0x39 Middlewares\Third_Party\FreeRTOS\Source\CMSIS_RTOS\cmsis_os.o
 .ARM.attributes
                0x00000257       0x39 Middlewares\Third_Party\FreeRTOS\Source\list.o
 .ARM.attributes
                0x00000290       0x39 Middlewares\Third_Party\FreeRTOS\Source\portable\GCC\ARM_CM4F\port.o
 .ARM.attributes
                0x000002c9       0x39 Middlewares\Third_Party\FreeRTOS\Source\portable\MemMang\heap_4.o
 .ARM.attributes
                0x00000302       0x39 Middlewares\Third_Party\FreeRTOS\Source\tasks.o
 .ARM.attributes
                0x0000033b       0x39 Src\freertos.o
 .ARM.attributes
                0x00000374       0x39 Src\main.o
 .ARM.attributes
                0x000003ad       0x39 Src\stm32f4xx_hal_msp.o
 .ARM.attributes
                0x000003e6       0x39 Src\stm32f4xx_hal_timebase_tim.o
 .ARM.attributes
                0x0000041f       0x39 Src\stm32f4xx_it.o
 .ARM.attributes
                0x00000458       0x39 Src\system_stm32f4xx.o
 .ARM.attributes
                0x00000491       0x21 startup\startup_stm32f469xx.o
 .ARM.attributes
                0x000004b2       0x34 d:/truestudio for stm32 9.3.0/armtools/bin/../lib/gcc/arm-atollic-eabi/6.3.1/../../../../arm-atollic-eabi/lib/armv7e-m/fpu\libc_nano.a(lib_a-init.o)
 .ARM.attributes
                0x000004e6       0x34 d:/truestudio for stm32 9.3.0/armtools/bin/../lib/gcc/arm-atollic-eabi/6.3.1/../../../../arm-atollic-eabi/lib/armv7e-m/fpu\libc_nano.a(lib_a-memset.o)
 .ARM.attributes
                0x0000051a       0x22 d:/truestudio for stm32 9.3.0/armtools/bin/../lib/gcc/arm-atollic-eabi/6.3.1/armv7e-m/fpu\libgcc.a(_aeabi_uldivmod.o)
 .ARM.attributes
                0x0000053c       0x34 d:/truestudio for stm32 9.3.0/armtools/bin/../lib/gcc/arm-atollic-eabi/6.3.1/armv7e-m/fpu\libgcc.a(_udivmoddi4.o)
 .ARM.attributes
                0x00000570       0x22 d:/truestudio for stm32 9.3.0/armtools/bin/../lib/gcc/arm-atollic-eabi/6.3.1/armv7e-m/fpu\libgcc.a(_dvmd_tls.o)
 .ARM.attributes
                0x00000592       0x22 d:/truestudio for stm32 9.3.0/armtools/bin/../lib/gcc/arm-atollic-eabi/6.3.1/armv7e-m/fpu/crtn.o
OUTPUT(led.elf elf32-littlearm)

.debug_info     0x00000000    0x12acd
 .debug_info    0x00000000      0xa6f Drivers\STM32F4xx_HAL_Driver\Src\stm32f4xx_hal.o
 .debug_info    0x00000a6f      0xf7b Drivers\STM32F4xx_HAL_Driver\Src\stm32f4xx_hal_cortex.o
 .debug_info    0x000019ea      0x78f Drivers\STM32F4xx_HAL_Driver\Src\stm32f4xx_hal_gpio.o
 .debug_info    0x00002179      0x7a9 Drivers\STM32F4xx_HAL_Driver\Src\stm32f4xx_hal_pwr_ex.o
 .debug_info    0x00002922      0xa7d Drivers\STM32F4xx_HAL_Driver\Src\stm32f4xx_hal_rcc.o
 .debug_info    0x0000339f      0xab0 Drivers\STM32F4xx_HAL_Driver\Src\stm32f4xx_hal_rcc_ex.o
 .debug_info    0x00003e4f     0x34cf Drivers\STM32F4xx_HAL_Driver\Src\stm32f4xx_hal_tim.o
 .debug_info    0x0000731e     0x12fe Drivers\STM32F4xx_HAL_Driver\Src\stm32f4xx_hal_tim_ex.o
 .debug_info    0x0000861c     0x293d Middlewares\Third_Party\FreeRTOS\Source\CMSIS_RTOS\cmsis_os.o
 .debug_info    0x0000af59      0xac5 Middlewares\Third_Party\FreeRTOS\Source\list.o
 .debug_info    0x0000ba1e      0x572 Middlewares\Third_Party\FreeRTOS\Source\portable\GCC\ARM_CM4F\port.o
 .debug_info    0x0000bf90      0xca5 Middlewares\Third_Party\FreeRTOS\Source\portable\MemMang\heap_4.o
 .debug_info    0x0000cc35     0x2e2d Middlewares\Third_Party\FreeRTOS\Source\tasks.o
 .debug_info    0x0000fa62      0x2ed Src\freertos.o
 .debug_info    0x0000fd4f      0xfbb Src\main.o
 .debug_info    0x00010d0a      0x5bc Src\stm32f4xx_hal_msp.o
 .debug_info    0x000112c6      0xbfe Src\stm32f4xx_hal_timebase_tim.o
 .debug_info    0x00011ec4      0x682 Src\stm32f4xx_it.o
 .debug_info    0x00012546      0x524 Src\system_stm32f4xx.o
 .debug_info    0x00012a6a       0x63 startup\startup_stm32f469xx.o

.debug_abbrev   0x00000000     0x2c58
 .debug_abbrev  0x00000000      0x23d Drivers\STM32F4xx_HAL_Driver\Src\stm32f4xx_hal.o
 .debug_abbrev  0x0000023d      0x314 Drivers\STM32F4xx_HAL_Driver\Src\stm32f4xx_hal_cortex.o
 .debug_abbrev  0x00000551      0x1ef Drivers\STM32F4xx_HAL_Driver\Src\stm32f4xx_hal_gpio.o
 .debug_abbrev  0x00000740      0x1be Drivers\STM32F4xx_HAL_Driver\Src\stm32f4xx_hal_pwr_ex.o
 .debug_abbrev  0x000008fe      0x2cb Drivers\STM32F4xx_HAL_Driver\Src\stm32f4xx_hal_rcc.o
 .debug_abbrev  0x00000bc9      0x1a8 Drivers\STM32F4xx_HAL_Driver\Src\stm32f4xx_hal_rcc_ex.o
 .debug_abbrev  0x00000d71      0x324 Drivers\STM32F4xx_HAL_Driver\Src\stm32f4xx_hal_tim.o
 .debug_abbrev  0x00001095      0x29c Drivers\STM32F4xx_HAL_Driver\Src\stm32f4xx_hal_tim_ex.o
 .debug_abbrev  0x00001331      0x457 Middlewares\Third_Party\FreeRTOS\Source\CMSIS_RTOS\cmsis_os.o
 .debug_abbrev  0x00001788      0x1ea Middlewares\Third_Party\FreeRTOS\Source\list.o
 .debug_abbrev  0x00001972      0x23a Middlewares\Third_Party\FreeRTOS\Source\portable\GCC\ARM_CM4F\port.o
 .debug_abbrev  0x00001bac      0x314 Middlewares\Third_Party\FreeRTOS\Source\portable\MemMang\heap_4.o
 .debug_abbrev  0x00001ec0      0x42a Middlewares\Third_Party\FreeRTOS\Source\tasks.o
 .debug_abbrev  0x000022ea       0xec Src\freertos.o
 .debug_abbrev  0x000023d6      0x2a0 Src\main.o
 .debug_abbrev  0x00002676      0x137 Src\stm32f4xx_hal_msp.o
 .debug_abbrev  0x000027ad      0x1e7 Src\stm32f4xx_hal_timebase_tim.o
 .debug_abbrev  0x00002994      0x1a4 Src\stm32f4xx_it.o
 .debug_abbrev  0x00002b38      0x10e Src\system_stm32f4xx.o
 .debug_abbrev  0x00002c46       0x12 startup\startup_stm32f469xx.o

.debug_loc      0x00000000     0x7a9d
 .debug_loc     0x00000000      0x11b Drivers\STM32F4xx_HAL_Driver\Src\stm32f4xx_hal.o
 .debug_loc     0x0000011b      0x4fb Drivers\STM32F4xx_HAL_Driver\Src\stm32f4xx_hal_cortex.o
 .debug_loc     0x00000616      0x36d Drivers\STM32F4xx_HAL_Driver\Src\stm32f4xx_hal_gpio.o
 .debug_loc     0x00000983      0x15d Drivers\STM32F4xx_HAL_Driver\Src\stm32f4xx_hal_pwr_ex.o
 .debug_loc     0x00000ae0      0x336 Drivers\STM32F4xx_HAL_Driver\Src\stm32f4xx_hal_rcc.o
 .debug_loc     0x00000e16      0x678 Drivers\STM32F4xx_HAL_Driver\Src\stm32f4xx_hal_rcc_ex.o
 .debug_loc     0x0000148e     0x3009 Drivers\STM32F4xx_HAL_Driver\Src\stm32f4xx_hal_tim.o
 .debug_loc     0x00004497      0xa7c Drivers\STM32F4xx_HAL_Driver\Src\stm32f4xx_hal_tim_ex.o
 .debug_loc     0x00004f13     0x101b Middlewares\Third_Party\FreeRTOS\Source\CMSIS_RTOS\cmsis_os.o
 .debug_loc     0x00005f2e       0x94 Middlewares\Third_Party\FreeRTOS\Source\list.o
 .debug_loc     0x00005fc2       0xcf Middlewares\Third_Party\FreeRTOS\Source\portable\GCC\ARM_CM4F\port.o
 .debug_loc     0x00006091      0x390 Middlewares\Third_Party\FreeRTOS\Source\portable\MemMang\heap_4.o
 .debug_loc     0x00006421     0x146e Middlewares\Third_Party\FreeRTOS\Source\tasks.o
 .debug_loc     0x0000788f       0x4d Src\main.o
 .debug_loc     0x000078dc       0xa5 Src\stm32f4xx_hal_timebase_tim.o
 .debug_loc     0x00007981      0x11c Src\system_stm32f4xx.o

.debug_aranges  0x00000000      0xc38
 .debug_aranges
                0x00000000       0xf8 Drivers\STM32F4xx_HAL_Driver\Src\stm32f4xx_hal.o
 .debug_aranges
                0x000000f8       0xa8 Drivers\STM32F4xx_HAL_Driver\Src\stm32f4xx_hal_cortex.o
 .debug_aranges
                0x000001a0       0x58 Drivers\STM32F4xx_HAL_Driver\Src\stm32f4xx_hal_gpio.o
 .debug_aranges
                0x000001f8       0x60 Drivers\STM32F4xx_HAL_Driver\Src\stm32f4xx_hal_pwr_ex.o
 .debug_aranges
                0x00000258       0x88 Drivers\STM32F4xx_HAL_Driver\Src\stm32f4xx_hal_rcc.o
 .debug_aranges
                0x000002e0       0x70 Drivers\STM32F4xx_HAL_Driver\Src\stm32f4xx_hal_rcc_ex.o
 .debug_aranges
                0x00000350      0x278 Drivers\STM32F4xx_HAL_Driver\Src\stm32f4xx_hal_tim.o
 .debug_aranges
                0x000005c8       0xf8 Drivers\STM32F4xx_HAL_Driver\Src\stm32f4xx_hal_tim_ex.o
 .debug_aranges
                0x000006c0      0x190 Middlewares\Third_Party\FreeRTOS\Source\CMSIS_RTOS\cmsis_os.o
 .debug_aranges
                0x00000850       0x40 Middlewares\Third_Party\FreeRTOS\Source\list.o
 .debug_aranges
                0x00000890       0x80 Middlewares\Third_Party\FreeRTOS\Source\portable\GCC\ARM_CM4F\port.o
 .debug_aranges
                0x00000910       0x48 Middlewares\Third_Party\FreeRTOS\Source\portable\MemMang\heap_4.o
 .debug_aranges
                0x00000958      0x198 Middlewares\Third_Party\FreeRTOS\Source\tasks.o
 .debug_aranges
                0x00000af0       0x20 Src\freertos.o
 .debug_aranges
                0x00000b10       0x40 Src\main.o
 .debug_aranges
                0x00000b50       0x20 Src\stm32f4xx_hal_msp.o
 .debug_aranges
                0x00000b70       0x30 Src\stm32f4xx_hal_timebase_tim.o
 .debug_aranges
                0x00000ba0       0x48 Src\stm32f4xx_it.o
 .debug_aranges
                0x00000be8       0x28 Src\system_stm32f4xx.o
 .debug_aranges
                0x00000c10       0x28 startup\startup_stm32f469xx.o

.debug_ranges   0x00000000      0xe80
 .debug_ranges  0x00000000       0xe8 Drivers\STM32F4xx_HAL_Driver\Src\stm32f4xx_hal.o
 .debug_ranges  0x000000e8      0x128 Drivers\STM32F4xx_HAL_Driver\Src\stm32f4xx_hal_cortex.o
 .debug_ranges  0x00000210       0x68 Drivers\STM32F4xx_HAL_Driver\Src\stm32f4xx_hal_gpio.o
 .debug_ranges  0x00000278       0xb0 Drivers\STM32F4xx_HAL_Driver\Src\stm32f4xx_hal_pwr_ex.o
 .debug_ranges  0x00000328       0xb0 Drivers\STM32F4xx_HAL_Driver\Src\stm32f4xx_hal_rcc.o
 .debug_ranges  0x000003d8       0x78 Drivers\STM32F4xx_HAL_Driver\Src\stm32f4xx_hal_rcc_ex.o
 .debug_ranges  0x00000450      0x340 Drivers\STM32F4xx_HAL_Driver\Src\stm32f4xx_hal_tim.o
 .debug_ranges  0x00000790       0xe8 Drivers\STM32F4xx_HAL_Driver\Src\stm32f4xx_hal_tim_ex.o
 .debug_ranges  0x00000878      0x180 Middlewares\Third_Party\FreeRTOS\Source\CMSIS_RTOS\cmsis_os.o
 .debug_ranges  0x000009f8       0x30 Middlewares\Third_Party\FreeRTOS\Source\list.o
 .debug_ranges  0x00000a28       0x70 Middlewares\Third_Party\FreeRTOS\Source\portable\GCC\ARM_CM4F\port.o
 .debug_ranges  0x00000a98       0x38 Middlewares\Third_Party\FreeRTOS\Source\portable\MemMang\heap_4.o
 .debug_ranges  0x00000ad0      0x248 Middlewares\Third_Party\FreeRTOS\Source\tasks.o
 .debug_ranges  0x00000d18       0x10 Src\freertos.o
 .debug_ranges  0x00000d28       0x80 Src\main.o
 .debug_ranges  0x00000da8       0x28 Src\stm32f4xx_hal_msp.o
 .debug_ranges  0x00000dd0       0x40 Src\stm32f4xx_hal_timebase_tim.o
 .debug_ranges  0x00000e10       0x38 Src\stm32f4xx_it.o
 .debug_ranges  0x00000e48       0x18 Src\system_stm32f4xx.o
 .debug_ranges  0x00000e60       0x20 startup\startup_stm32f469xx.o

.debug_line     0x00000000     0x5d40
 .debug_line    0x00000000      0x405 Drivers\STM32F4xx_HAL_Driver\Src\stm32f4xx_hal.o
 .debug_line    0x00000405      0x41e Drivers\STM32F4xx_HAL_Driver\Src\stm32f4xx_hal_cortex.o
 .debug_line    0x00000823      0x3c0 Drivers\STM32F4xx_HAL_Driver\Src\stm32f4xx_hal_gpio.o
 .debug_line    0x00000be3      0x2fc Drivers\STM32F4xx_HAL_Driver\Src\stm32f4xx_hal_pwr_ex.o
 .debug_line    0x00000edf      0x4bc Drivers\STM32F4xx_HAL_Driver\Src\stm32f4xx_hal_rcc.o
 .debug_line    0x0000139b      0x580 Drivers\STM32F4xx_HAL_Driver\Src\stm32f4xx_hal_rcc_ex.o
 .debug_line    0x0000191b     0x114b Drivers\STM32F4xx_HAL_Driver\Src\stm32f4xx_hal_tim.o
 .debug_line    0x00002a66      0x645 Drivers\STM32F4xx_HAL_Driver\Src\stm32f4xx_hal_tim_ex.o
 .debug_line    0x000030ab      0x8a4 Middlewares\Third_Party\FreeRTOS\Source\CMSIS_RTOS\cmsis_os.o
 .debug_line    0x0000394f      0x2f7 Middlewares\Third_Party\FreeRTOS\Source\list.o
 .debug_line    0x00003c46      0x333 Middlewares\Third_Party\FreeRTOS\Source\portable\GCC\ARM_CM4F\port.o
 .debug_line    0x00003f79      0x3a5 Middlewares\Third_Party\FreeRTOS\Source\portable\MemMang\heap_4.o
 .debug_line    0x0000431e      0xc07 Middlewares\Third_Party\FreeRTOS\Source\tasks.o
 .debug_line    0x00004f25      0x207 Src\freertos.o
 .debug_line    0x0000512c      0x3b8 Src\main.o
 .debug_line    0x000054e4      0x1b7 Src\stm32f4xx_hal_msp.o
 .debug_line    0x0000569b      0x258 Src\stm32f4xx_hal_timebase_tim.o
 .debug_line    0x000058f3      0x228 Src\stm32f4xx_it.o
 .debug_line    0x00005b1b      0x1a6 Src\system_stm32f4xx.o
 .debug_line    0x00005cc1       0x7f startup\startup_stm32f469xx.o

.debug_str      0x00000000     0x527c
 .debug_str     0x00000000      0xbff Drivers\STM32F4xx_HAL_Driver\Src\stm32f4xx_hal.o
                                0xc68 (size before relaxing)
 .debug_str     0x00000bff      0x498 Drivers\STM32F4xx_HAL_Driver\Src\stm32f4xx_hal_cortex.o
                                0xce5 (size before relaxing)
 .debug_str     0x00001097      0x1de Drivers\STM32F4xx_HAL_Driver\Src\stm32f4xx_hal_gpio.o
                                0x544 (size before relaxing)
 .debug_str     0x00001275      0x164 Drivers\STM32F4xx_HAL_Driver\Src\stm32f4xx_hal_pwr_ex.o
                                0x52f (size before relaxing)
 .debug_str     0x000013d9      0x2e2 Drivers\STM32F4xx_HAL_Driver\Src\stm32f4xx_hal_rcc.o
                                0x71c (size before relaxing)
 .debug_str     0x000016bb      0x272 Drivers\STM32F4xx_HAL_Driver\Src\stm32f4xx_hal_rcc_ex.o
                                0x708 (size before relaxing)
 .debug_str     0x0000192d     0x1236 Drivers\STM32F4xx_HAL_Driver\Src\stm32f4xx_hal_tim.o
                               0x150e (size before relaxing)
 .debug_str     0x00002b63      0x548 Drivers\STM32F4xx_HAL_Driver\Src\stm32f4xx_hal_tim_ex.o
                                0xd26 (size before relaxing)
 .debug_str     0x000030ab     0x1152 Middlewares\Third_Party\FreeRTOS\Source\CMSIS_RTOS\cmsis_os.o
                               0x1435 (size before relaxing)
 .debug_str     0x000041fd      0x143 Middlewares\Third_Party\FreeRTOS\Source\list.o
                                0x73e (size before relaxing)
 .debug_str     0x00004340      0x239 Middlewares\Third_Party\FreeRTOS\Source\portable\GCC\ARM_CM4F\port.o
                                0x484 (size before relaxing)
 .debug_str     0x00004579      0x1e8 Middlewares\Third_Party\FreeRTOS\Source\portable\MemMang\heap_4.o
                                0x827 (size before relaxing)
 .debug_str     0x00004761      0x8f9 Middlewares\Third_Party\FreeRTOS\Source\tasks.o
                               0x1412 (size before relaxing)
 .debug_str     0x0000505a       0x5e Src\freertos.o
                                0x35b (size before relaxing)
 .debug_str     0x000050b8       0x85 Src\main.o
                                0xc45 (size before relaxing)
 .debug_str     0x0000513d       0x1b Src\stm32f4xx_hal_msp.o
                                0x8a9 (size before relaxing)
 .debug_str     0x00005158       0x50 Src\stm32f4xx_hal_timebase_tim.o
                                0xe29 (size before relaxing)
 .debug_str     0x000051a8       0x8f Src\stm32f4xx_it.o
                                0x6bb (size before relaxing)
 .debug_str     0x00005237       0x45 Src\system_stm32f4xx.o
                                0x3a8 (size before relaxing)

.comment        0x00000000       0x7c
 .comment       0x00000000       0x7c Drivers\STM32F4xx_HAL_Driver\Src\stm32f4xx_hal.o
                                 0x7d (size before relaxing)
 .comment       0x0000007c       0x7d Drivers\STM32F4xx_HAL_Driver\Src\stm32f4xx_hal_cortex.o
 .comment       0x0000007c       0x7d Drivers\STM32F4xx_HAL_Driver\Src\stm32f4xx_hal_gpio.o
 .comment       0x0000007c       0x7d Drivers\STM32F4xx_HAL_Driver\Src\stm32f4xx_hal_pwr_ex.o
 .comment       0x0000007c       0x7d Drivers\STM32F4xx_HAL_Driver\Src\stm32f4xx_hal_rcc.o
 .comment       0x0000007c       0x7d Drivers\STM32F4xx_HAL_Driver\Src\stm32f4xx_hal_rcc_ex.o
 .comment       0x0000007c       0x7d Drivers\STM32F4xx_HAL_Driver\Src\stm32f4xx_hal_tim.o
 .comment       0x0000007c       0x7d Drivers\STM32F4xx_HAL_Driver\Src\stm32f4xx_hal_tim_ex.o
 .comment       0x0000007c       0x7d Middlewares\Third_Party\FreeRTOS\Source\CMSIS_RTOS\cmsis_os.o
 .comment       0x0000007c       0x7d Middlewares\Third_Party\FreeRTOS\Source\list.o
 .comment       0x0000007c       0x7d Middlewares\Third_Party\FreeRTOS\Source\portable\GCC\ARM_CM4F\port.o
 .comment       0x0000007c       0x7d Middlewares\Third_Party\FreeRTOS\Source\portable\MemMang\heap_4.o
 .comment       0x0000007c       0x7d Middlewares\Third_Party\FreeRTOS\Source\tasks.o
 .comment       0x0000007c       0x7d Src\freertos.o
 .comment       0x0000007c       0x7d Src\main.o
 .comment       0x0000007c       0x7d Src\stm32f4xx_hal_msp.o
 .comment       0x0000007c       0x7d Src\stm32f4xx_hal_timebase_tim.o
 .comment       0x0000007c       0x7d Src\stm32f4xx_it.o
 .comment       0x0000007c       0x7d Src\system_stm32f4xx.o

.debug_frame    0x00000000     0x22ec
 .debug_frame   0x00000000      0x210 Drivers\STM32F4xx_HAL_Driver\Src\stm32f4xx_hal.o
 .debug_frame   0x00000210      0x158 Drivers\STM32F4xx_HAL_Driver\Src\stm32f4xx_hal_cortex.o
 .debug_frame   0x00000368       0xd8 Drivers\STM32F4xx_HAL_Driver\Src\stm32f4xx_hal_gpio.o
 .debug_frame   0x00000440       0xf4 Drivers\STM32F4xx_HAL_Driver\Src\stm32f4xx_hal_pwr_ex.o
 .debug_frame   0x00000534      0x13c Drivers\STM32F4xx_HAL_Driver\Src\stm32f4xx_hal_rcc.o
 .debug_frame   0x00000670      0x130 Drivers\STM32F4xx_HAL_Driver\Src\stm32f4xx_hal_rcc_ex.o
 .debug_frame   0x000007a0      0x928 Drivers\STM32F4xx_HAL_Driver\Src\stm32f4xx_hal_tim.o
 .debug_frame   0x000010c8      0x360 Drivers\STM32F4xx_HAL_Driver\Src\stm32f4xx_hal_tim_ex.o
 .debug_frame   0x00001428      0x4f4 Middlewares\Third_Party\FreeRTOS\Source\CMSIS_RTOS\cmsis_os.o
 .debug_frame   0x0000191c       0x6c Middlewares\Third_Party\FreeRTOS\Source\list.o
 .debug_frame   0x00001988       0xfc Middlewares\Third_Party\FreeRTOS\Source\portable\GCC\ARM_CM4F\port.o
 .debug_frame   0x00001a84       0x98 Middlewares\Third_Party\FreeRTOS\Source\portable\MemMang\heap_4.o
 .debug_frame   0x00001b1c      0x54c Middlewares\Third_Party\FreeRTOS\Source\tasks.o
 .debug_frame   0x00002068       0x20 Src\freertos.o
 .debug_frame   0x00002088       0x84 Src\main.o
 .debug_frame   0x0000210c       0x28 Src\stm32f4xx_hal_msp.o
 .debug_frame   0x00002134       0x54 Src\stm32f4xx_hal_timebase_tim.o
 .debug_frame   0x00002188       0x80 Src\stm32f4xx_it.o
 .debug_frame   0x00002208       0x38 Src\system_stm32f4xx.o
 .debug_frame   0x00002240       0x2c d:/truestudio for stm32 9.3.0/armtools/bin/../lib/gcc/arm-atollic-eabi/6.3.1/../../../../arm-atollic-eabi/lib/armv7e-m/fpu\libc_nano.a(lib_a-init.o)
 .debug_frame   0x0000226c       0x20 d:/truestudio for stm32 9.3.0/armtools/bin/../lib/gcc/arm-atollic-eabi/6.3.1/../../../../arm-atollic-eabi/lib/armv7e-m/fpu\libc_nano.a(lib_a-memset.o)
 .debug_frame   0x0000228c       0x2c d:/truestudio for stm32 9.3.0/armtools/bin/../lib/gcc/arm-atollic-eabi/6.3.1/armv7e-m/fpu\libgcc.a(_aeabi_uldivmod.o)
 .debug_frame   0x000022b8       0x34 d:/truestudio for stm32 9.3.0/armtools/bin/../lib/gcc/arm-atollic-eabi/6.3.1/armv7e-m/fpu\libgcc.a(_udivmoddi4.o)
